[1.142s] Invoking command in '/home/bubblegum/ros2_ws/src/autodrive_ros2/autodrive_nigel': PS1=(.venv) \[\e]0;\u@\h: \w\a\]${debian_chroot:+($debian_chroot)}\[\033[01;32m\]\u@\h\[\033[00m\]:\[\033[01;34m\]\w\[\033[00m\]\$ PYTHONPATH=/home/bubblegum/ros2_ws/build/autodrive_nigel/prefix_override:/usr/lib/python3/dist-packages/colcon_core/task/python/colcon_distutils_commands:/home/bubblegum/ros2_ws/install/autodrive_nigel/lib/python3.8/site-packages:${PYTHONPATH} /usr/bin/python3 -W ignore:setup.py install is deprecated -W ignore:easy_install command is deprecated setup.py egg_info --egg-base ../../../build/autodrive_nigel build --build-base /home/bubblegum/ros2_ws/build/autodrive_nigel/build install --record /home/bubblegum/ros2_ws/build/autodrive_nigel/install.log --install-scripts $base/lib/autodrive_nigel --single-version-externally-managed install_data
[1.357s] running egg_info
[1.357s] writing ../../../build/autodrive_nigel/autodrive_nigel.egg-info/PKG-INFO
[1.358s] writing dependency_links to ../../../build/autodrive_nigel/autodrive_nigel.egg-info/dependency_links.txt
[1.358s] writing entry points to ../../../build/autodrive_nigel/autodrive_nigel.egg-info/entry_points.txt
[1.358s] writing requirements to ../../../build/autodrive_nigel/autodrive_nigel.egg-info/requires.txt
[1.358s] writing top-level names to ../../../build/autodrive_nigel/autodrive_nigel.egg-info/top_level.txt
[1.392s] reading manifest file '../../../build/autodrive_nigel/autodrive_nigel.egg-info/SOURCES.txt'
[1.392s] writing manifest file '../../../build/autodrive_nigel/autodrive_nigel.egg-info/SOURCES.txt'
[1.392s] running build
[1.393s] running build_py
[1.393s] running install
[1.394s] running install_lib
[1.404s] running install_data
[1.404s] running install_egg_info
[1.404s] removing '/home/bubblegum/ros2_ws/install/autodrive_nigel/lib/python3.8/site-packages/autodrive_nigel-0.1.0-py3.8.egg-info' (and everything under it)
[1.404s] Copying ../../../build/autodrive_nigel/autodrive_nigel.egg-info to /home/bubblegum/ros2_ws/install/autodrive_nigel/lib/python3.8/site-packages/autodrive_nigel-0.1.0-py3.8.egg-info
[1.404s] running install_scripts
[1.419s] Installing autodrive_incoming_bridge script to /home/bubblegum/ros2_ws/install/autodrive_nigel/lib/autodrive_nigel
[1.419s] Installing autodrive_outgoing_bridge script to /home/bubblegum/ros2_ws/install/autodrive_nigel/lib/autodrive_nigel
[1.419s] Installing teleop_keyboard script to /home/bubblegum/ros2_ws/install/autodrive_nigel/lib/autodrive_nigel
[1.419s] writing list of installed files to '/home/bubblegum/ros2_ws/build/autodrive_nigel/install.log'
[1.451s] Invoked command in '/home/bubblegum/ros2_ws/src/autodrive_ros2/autodrive_nigel' returned '0': PS1=(.venv) \[\e]0;\u@\h: \w\a\]${debian_chroot:+($debian_chroot)}\[\033[01;32m\]\u@\h\[\033[00m\]:\[\033[01;34m\]\w\[\033[00m\]\$ PYTHONPATH=/home/bubblegum/ros2_ws/build/autodrive_nigel/prefix_override:/usr/lib/python3/dist-packages/colcon_core/task/python/colcon_distutils_commands:/home/bubblegum/ros2_ws/install/autodrive_nigel/lib/python3.8/site-packages:${PYTHONPATH} /usr/bin/python3 -W ignore:setup.py install is deprecated -W ignore:easy_install command is deprecated setup.py egg_info --egg-base ../../../build/autodrive_nigel build --build-base /home/bubblegum/ros2_ws/build/autodrive_nigel/build install --record /home/bubblegum/ros2_ws/build/autodrive_nigel/install.log --install-scripts $base/lib/autodrive_nigel --single-version-externally-managed install_data
