running egg_info
writing ../../build/my_f1tenth_control/my_f1tenth_control.egg-info/PKG-INFO
writing dependency_links to ../../build/my_f1tenth_control/my_f1tenth_control.egg-info/dependency_links.txt
writing entry points to ../../build/my_f1tenth_control/my_f1tenth_control.egg-info/entry_points.txt
writing requirements to ../../build/my_f1tenth_control/my_f1tenth_control.egg-info/requires.txt
writing top-level names to ../../build/my_f1tenth_control/my_f1tenth_control.egg-info/top_level.txt
reading manifest file '../../build/my_f1tenth_control/my_f1tenth_control.egg-info/SOURCES.txt'
writing manifest file '../../build/my_f1tenth_control/my_f1tenth_control.egg-info/SOURCES.txt'
running build
running build_py
running install
running install_lib
running install_data
copying package.xml -> /home/bubblegum/ros2_ws/install/my_f1tenth_control/share/my_f1tenth_control
running install_egg_info
removing '/home/bubblegum/ros2_ws/install/my_f1tenth_control/lib/python3.8/site-packages/my_f1tenth_control-0.0.0-py3.8.egg-info' (and everything under it)
Copying ../../build/my_f1tenth_control/my_f1tenth_control.egg-info to /home/bubblegum/ros2_ws/install/my_f1tenth_control/lib/python3.8/site-packages/my_f1tenth_control-0.0.0-py3.8.egg-info
running install_scripts
Installing test_image_save script to /home/bubblegum/ros2_ws/install/my_f1tenth_control/lib/my_f1tenth_control
Installing test_run script to /home/bubblegum/ros2_ws/install/my_f1tenth_control/lib/my_f1tenth_control
writing list of installed files to '/home/bubblegum/ros2_ws/build/my_f1tenth_control/install.log'
