[1.539s] Invoking command in '/home/bubblegum/ros2_ws/src/my_f1tenth_control': PYTHONPATH=/home/bubblegum/ros2_ws/build/my_f1tenth_control/prefix_override:/usr/lib/python3/dist-packages/colcon_core/task/python/colcon_distutils_commands:/home/bubblegum/ros2_ws/install/my_f1tenth_control/lib/python3.8/site-packages:${PYTHONPATH} /usr/bin/python3 -W ignore:setup.py install is deprecated -W ignore:easy_install command is deprecated setup.py egg_info --egg-base ../../build/my_f1tenth_control build --build-base /home/bubblegum/ros2_ws/build/my_f1tenth_control/build install --record /home/bubblegum/ros2_ws/build/my_f1tenth_control/install.log --install-scripts $base/lib/my_f1tenth_control --single-version-externally-managed install_data
[2.012s] running egg_info
[2.013s] writing ../../build/my_f1tenth_control/my_f1tenth_control.egg-info/PKG-INFO
[2.014s] writing dependency_links to ../../build/my_f1tenth_control/my_f1tenth_control.egg-info/dependency_links.txt
[2.014s] writing entry points to ../../build/my_f1tenth_control/my_f1tenth_control.egg-info/entry_points.txt
[2.015s] writing requirements to ../../build/my_f1tenth_control/my_f1tenth_control.egg-info/requires.txt
[2.015s] writing top-level names to ../../build/my_f1tenth_control/my_f1tenth_control.egg-info/top_level.txt
[2.070s] reading manifest file '../../build/my_f1tenth_control/my_f1tenth_control.egg-info/SOURCES.txt'
[2.071s] writing manifest file '../../build/my_f1tenth_control/my_f1tenth_control.egg-info/SOURCES.txt'
[2.071s] running build
[2.071s] running build_py
[2.073s] running install
[2.073s] running install_lib
[2.075s] running install_data
[2.075s] running install_egg_info
[2.077s] removing '/home/bubblegum/ros2_ws/install/my_f1tenth_control/lib/python3.8/site-packages/my_f1tenth_control-0.0.0-py3.8.egg-info' (and everything under it)
[2.077s] Copying ../../build/my_f1tenth_control/my_f1tenth_control.egg-info to /home/bubblegum/ros2_ws/install/my_f1tenth_control/lib/python3.8/site-packages/my_f1tenth_control-0.0.0-py3.8.egg-info
[2.078s] running install_scripts
[2.100s] Installing f1tenth_init script to /home/bubblegum/ros2_ws/install/my_f1tenth_control/lib/my_f1tenth_control
[2.100s] Installing f1tenth_vlm_control script to /home/bubblegum/ros2_ws/install/my_f1tenth_control/lib/my_f1tenth_control
[2.100s] Installing image_saver script to /home/bubblegum/ros2_ws/install/my_f1tenth_control/lib/my_f1tenth_control
[2.100s] Installing test_run script to /home/bubblegum/ros2_ws/install/my_f1tenth_control/lib/my_f1tenth_control
[2.101s] writing list of installed files to '/home/bubblegum/ros2_ws/build/my_f1tenth_control/install.log'
[2.126s] Invoked command in '/home/bubblegum/ros2_ws/src/my_f1tenth_control' returned '0': PYTHONPATH=/home/bubblegum/ros2_ws/build/my_f1tenth_control/prefix_override:/usr/lib/python3/dist-packages/colcon_core/task/python/colcon_distutils_commands:/home/bubblegum/ros2_ws/install/my_f1tenth_control/lib/python3.8/site-packages:${PYTHONPATH} /usr/bin/python3 -W ignore:setup.py install is deprecated -W ignore:easy_install command is deprecated setup.py egg_info --egg-base ../../build/my_f1tenth_control build --build-base /home/bubblegum/ros2_ws/build/my_f1tenth_control/build install --record /home/bubblegum/ros2_ws/build/my_f1tenth_control/install.log --install-scripts $base/lib/my_f1tenth_control --single-version-externally-managed install_data
