[0.136s] DEBUG:colcon:Command line arguments: ['/usr/bin/colcon', 'build']
[0.136s] DEBUG:colcon:Parsed command line arguments: Namespace(allow_overriding=[], ament_cmake_args=None, base_paths=['.'], build_base='build', catkin_cmake_args=None, catkin_skip_building_tests=False, cmake_args=None, cmake_clean_cache=False, cmake_clean_first=False, cmake_force_configure=False, cmake_target=None, cmake_target_skip_unavailable=False, continue_on_error=False, event_handlers=None, executor='parallel', ignore_user_meta=False, install_base='install', log_base=None, log_level=None, main=<bound method BuildVerb.main of <colcon_core.verb.build.BuildVerb object at 0x7f49fc431670>>, merge_install=False, metas=['./colcon.meta'], packages_above=None, packages_above_and_dependencies=None, packages_above_depth=None, packages_end=None, packages_ignore=None, packages_ignore_regex=None, packages_select=None, packages_select_build_failed=False, packages_select_by_dep=None, packages_select_regex=None, packages_select_test_failures=False, packages_skip=None, packages_skip_build_finished=False, packages_skip_by_dep=None, packages_skip_regex=None, packages_skip_test_passed=False, packages_skip_up_to=None, packages_start=None, packages_up_to=None, packages_up_to_regex=None, parallel_workers=4, paths=None, symlink_install=False, test_result_base=None, verb_extension=<colcon_core.verb.build.BuildVerb object at 0x7f49fc431670>, verb_name='build', verb_parser=<colcon_defaults.argument_parser.defaults.DefaultArgumentsDecorator object at 0x7f49fc431b80>)
[0.209s] Level 1:colcon.colcon_core.package_discovery:discover_packages(colcon_meta) check parameters
[0.209s] Level 1:colcon.colcon_core.package_discovery:discover_packages(recursive) check parameters
[0.209s] Level 1:colcon.colcon_core.package_discovery:discover_packages(ignore) check parameters
[0.209s] Level 1:colcon.colcon_core.package_discovery:discover_packages(path) check parameters
[0.209s] Level 1:colcon.colcon_core.package_discovery:discover_packages(colcon_meta) discover
[0.209s] Level 1:colcon.colcon_core.package_discovery:discover_packages(recursive) discover
[0.209s] INFO:colcon.colcon_core.package_discovery:Crawling recursively for packages in '/home/bubblegum/ros2_ws'
[0.209s] Level 1:colcon.colcon_core.package_identification:_identify(.) by extensions ['ignore', 'ignore_ament_install']
[0.209s] Level 1:colcon.colcon_core.package_identification:_identify(.) by extension 'ignore'
[0.209s] Level 1:colcon.colcon_core.package_identification:_identify(.) by extension 'ignore_ament_install'
[0.209s] Level 1:colcon.colcon_core.package_identification:_identify(.) by extensions ['colcon_pkg']
[0.209s] Level 1:colcon.colcon_core.package_identification:_identify(.) by extension 'colcon_pkg'
[0.209s] Level 1:colcon.colcon_core.package_identification:_identify(.) by extensions ['colcon_meta']
[0.209s] Level 1:colcon.colcon_core.package_identification:_identify(.) by extension 'colcon_meta'
[0.209s] Level 1:colcon.colcon_core.package_identification:_identify(.) by extensions ['ros']
[0.209s] Level 1:colcon.colcon_core.package_identification:_identify(.) by extension 'ros'
[0.215s] Level 1:colcon.colcon_core.package_identification:_identify(.) by extensions ['cmake', 'python']
[0.215s] Level 1:colcon.colcon_core.package_identification:_identify(.) by extension 'cmake'
[0.215s] Level 1:colcon.colcon_core.package_identification:_identify(.) by extension 'python'
[0.215s] Level 1:colcon.colcon_core.package_identification:_identify(.) by extensions ['python_setup_py']
[0.215s] Level 1:colcon.colcon_core.package_identification:_identify(.) by extension 'python_setup_py'
[0.215s] Level 1:colcon.colcon_core.package_identification:_identify(build) by extensions ['ignore', 'ignore_ament_install']
[0.215s] Level 1:colcon.colcon_core.package_identification:_identify(build) by extension 'ignore'
[0.215s] Level 1:colcon.colcon_core.package_identification:_identify(build) ignored
[0.215s] Level 1:colcon.colcon_core.package_identification:_identify(install) by extensions ['ignore', 'ignore_ament_install']
[0.215s] Level 1:colcon.colcon_core.package_identification:_identify(install) by extension 'ignore'
[0.215s] Level 1:colcon.colcon_core.package_identification:_identify(install) ignored
[0.215s] Level 1:colcon.colcon_core.package_identification:_identify(log) by extensions ['ignore', 'ignore_ament_install']
[0.215s] Level 1:colcon.colcon_core.package_identification:_identify(log) by extension 'ignore'
[0.215s] Level 1:colcon.colcon_core.package_identification:_identify(log) ignored
[0.215s] Level 1:colcon.colcon_core.package_identification:_identify(src) by extensions ['ignore', 'ignore_ament_install']
[0.215s] Level 1:colcon.colcon_core.package_identification:_identify(src) by extension 'ignore'
[0.215s] Level 1:colcon.colcon_core.package_identification:_identify(src) by extension 'ignore_ament_install'
[0.215s] Level 1:colcon.colcon_core.package_identification:_identify(src) by extensions ['colcon_pkg']
[0.215s] Level 1:colcon.colcon_core.package_identification:_identify(src) by extension 'colcon_pkg'
[0.215s] Level 1:colcon.colcon_core.package_identification:_identify(src) by extensions ['colcon_meta']
[0.215s] Level 1:colcon.colcon_core.package_identification:_identify(src) by extension 'colcon_meta'
[0.216s] Level 1:colcon.colcon_core.package_identification:_identify(src) by extensions ['ros']
[0.216s] Level 1:colcon.colcon_core.package_identification:_identify(src) by extension 'ros'
[0.216s] Level 1:colcon.colcon_core.package_identification:_identify(src) by extensions ['cmake', 'python']
[0.216s] Level 1:colcon.colcon_core.package_identification:_identify(src) by extension 'cmake'
[0.216s] Level 1:colcon.colcon_core.package_identification:_identify(src) by extension 'python'
[0.216s] Level 1:colcon.colcon_core.package_identification:_identify(src) by extensions ['python_setup_py']
[0.216s] Level 1:colcon.colcon_core.package_identification:_identify(src) by extension 'python_setup_py'
[0.216s] Level 1:colcon.colcon_core.package_identification:_identify(src/autodrive_ros2) by extensions ['ignore', 'ignore_ament_install']
[0.216s] Level 1:colcon.colcon_core.package_identification:_identify(src/autodrive_ros2) by extension 'ignore'
[0.216s] Level 1:colcon.colcon_core.package_identification:_identify(src/autodrive_ros2) by extension 'ignore_ament_install'
[0.216s] Level 1:colcon.colcon_core.package_identification:_identify(src/autodrive_ros2) by extensions ['colcon_pkg']
[0.216s] Level 1:colcon.colcon_core.package_identification:_identify(src/autodrive_ros2) by extension 'colcon_pkg'
[0.216s] Level 1:colcon.colcon_core.package_identification:_identify(src/autodrive_ros2) by extensions ['colcon_meta']
[0.216s] Level 1:colcon.colcon_core.package_identification:_identify(src/autodrive_ros2) by extension 'colcon_meta'
[0.216s] Level 1:colcon.colcon_core.package_identification:_identify(src/autodrive_ros2) by extensions ['ros']
[0.216s] Level 1:colcon.colcon_core.package_identification:_identify(src/autodrive_ros2) by extension 'ros'
[0.216s] Level 1:colcon.colcon_core.package_identification:_identify(src/autodrive_ros2) by extensions ['cmake', 'python']
[0.216s] Level 1:colcon.colcon_core.package_identification:_identify(src/autodrive_ros2) by extension 'cmake'
[0.216s] Level 1:colcon.colcon_core.package_identification:_identify(src/autodrive_ros2) by extension 'python'
[0.216s] Level 1:colcon.colcon_core.package_identification:_identify(src/autodrive_ros2) by extensions ['python_setup_py']
[0.216s] Level 1:colcon.colcon_core.package_identification:_identify(src/autodrive_ros2) by extension 'python_setup_py'
[0.216s] Level 1:colcon.colcon_core.package_identification:_identify(src/autodrive_ros2/autodrive_f1tenth) by extensions ['ignore', 'ignore_ament_install']
[0.216s] Level 1:colcon.colcon_core.package_identification:_identify(src/autodrive_ros2/autodrive_f1tenth) by extension 'ignore'
[0.216s] Level 1:colcon.colcon_core.package_identification:_identify(src/autodrive_ros2/autodrive_f1tenth) by extension 'ignore_ament_install'
[0.216s] Level 1:colcon.colcon_core.package_identification:_identify(src/autodrive_ros2/autodrive_f1tenth) by extensions ['colcon_pkg']
[0.216s] Level 1:colcon.colcon_core.package_identification:_identify(src/autodrive_ros2/autodrive_f1tenth) by extension 'colcon_pkg'
[0.216s] Level 1:colcon.colcon_core.package_identification:_identify(src/autodrive_ros2/autodrive_f1tenth) by extensions ['colcon_meta']
[0.216s] Level 1:colcon.colcon_core.package_identification:_identify(src/autodrive_ros2/autodrive_f1tenth) by extension 'colcon_meta'
[0.216s] Level 1:colcon.colcon_core.package_identification:_identify(src/autodrive_ros2/autodrive_f1tenth) by extensions ['ros']
[0.216s] Level 1:colcon.colcon_core.package_identification:_identify(src/autodrive_ros2/autodrive_f1tenth) by extension 'ros'
[0.219s] DEBUG:colcon.colcon_core.package_identification:Package 'src/autodrive_ros2/autodrive_f1tenth' with type 'ros.ament_python' and name 'autodrive_f1tenth'
[0.219s] Level 1:colcon.colcon_core.package_identification:_identify(src/autodrive_ros2/autodrive_nigel) by extensions ['ignore', 'ignore_ament_install']
[0.219s] Level 1:colcon.colcon_core.package_identification:_identify(src/autodrive_ros2/autodrive_nigel) by extension 'ignore'
[0.219s] Level 1:colcon.colcon_core.package_identification:_identify(src/autodrive_ros2/autodrive_nigel) by extension 'ignore_ament_install'
[0.219s] Level 1:colcon.colcon_core.package_identification:_identify(src/autodrive_ros2/autodrive_nigel) by extensions ['colcon_pkg']
[0.219s] Level 1:colcon.colcon_core.package_identification:_identify(src/autodrive_ros2/autodrive_nigel) by extension 'colcon_pkg'
[0.219s] Level 1:colcon.colcon_core.package_identification:_identify(src/autodrive_ros2/autodrive_nigel) by extensions ['colcon_meta']
[0.219s] Level 1:colcon.colcon_core.package_identification:_identify(src/autodrive_ros2/autodrive_nigel) by extension 'colcon_meta'
[0.219s] Level 1:colcon.colcon_core.package_identification:_identify(src/autodrive_ros2/autodrive_nigel) by extensions ['ros']
[0.219s] Level 1:colcon.colcon_core.package_identification:_identify(src/autodrive_ros2/autodrive_nigel) by extension 'ros'
[0.219s] DEBUG:colcon.colcon_core.package_identification:Package 'src/autodrive_ros2/autodrive_nigel' with type 'ros.ament_python' and name 'autodrive_nigel'
[0.219s] Level 1:colcon.colcon_core.package_identification:_identify(src/my_f1tenth_control) by extensions ['ignore', 'ignore_ament_install']
[0.219s] Level 1:colcon.colcon_core.package_identification:_identify(src/my_f1tenth_control) by extension 'ignore'
[0.219s] Level 1:colcon.colcon_core.package_identification:_identify(src/my_f1tenth_control) by extension 'ignore_ament_install'
[0.220s] Level 1:colcon.colcon_core.package_identification:_identify(src/my_f1tenth_control) by extensions ['colcon_pkg']
[0.220s] Level 1:colcon.colcon_core.package_identification:_identify(src/my_f1tenth_control) by extension 'colcon_pkg'
[0.220s] Level 1:colcon.colcon_core.package_identification:_identify(src/my_f1tenth_control) by extensions ['colcon_meta']
[0.220s] Level 1:colcon.colcon_core.package_identification:_identify(src/my_f1tenth_control) by extension 'colcon_meta'
[0.220s] Level 1:colcon.colcon_core.package_identification:_identify(src/my_f1tenth_control) by extensions ['ros']
[0.220s] Level 1:colcon.colcon_core.package_identification:_identify(src/my_f1tenth_control) by extension 'ros'
[0.220s] DEBUG:colcon.colcon_core.package_identification:Package 'src/my_f1tenth_control' with type 'ros.ament_python' and name 'my_f1tenth_control'
[0.220s] Level 1:colcon.colcon_core.package_discovery:discover_packages(recursive) using defaults
[0.220s] Level 1:colcon.colcon_core.package_discovery:discover_packages(ignore) discover
[0.220s] Level 1:colcon.colcon_core.package_discovery:discover_packages(ignore) using defaults
[0.220s] Level 1:colcon.colcon_core.package_discovery:discover_packages(path) discover
[0.220s] Level 1:colcon.colcon_core.package_discovery:discover_packages(path) using defaults
[0.231s] Level 1:colcon.colcon_core.package_discovery:discover_packages(prefix_path) check parameters
[0.231s] Level 1:colcon.colcon_core.package_discovery:discover_packages(prefix_path) discover
[0.232s] DEBUG:colcon.colcon_installed_package_information.package_discovery:Found 2 installed packages in /home/bubblegum/ros2_ws/install
[0.233s] DEBUG:colcon.colcon_installed_package_information.package_discovery:Found 266 installed packages in /opt/ros/foxy
[0.234s] Level 1:colcon.colcon_core.package_discovery:discover_packages(prefix_path) using defaults
[0.274s] Level 5:colcon.colcon_core.verb:set package 'autodrive_f1tenth' build argument 'cmake_args' from command line to 'None'
[0.274s] Level 5:colcon.colcon_core.verb:set package 'autodrive_f1tenth' build argument 'cmake_target' from command line to 'None'
[0.274s] Level 5:colcon.colcon_core.verb:set package 'autodrive_f1tenth' build argument 'cmake_target_skip_unavailable' from command line to 'False'
[0.274s] Level 5:colcon.colcon_core.verb:set package 'autodrive_f1tenth' build argument 'cmake_clean_cache' from command line to 'False'
[0.274s] Level 5:colcon.colcon_core.verb:set package 'autodrive_f1tenth' build argument 'cmake_clean_first' from command line to 'False'
[0.274s] Level 5:colcon.colcon_core.verb:set package 'autodrive_f1tenth' build argument 'cmake_force_configure' from command line to 'False'
[0.274s] Level 5:colcon.colcon_core.verb:set package 'autodrive_f1tenth' build argument 'ament_cmake_args' from command line to 'None'
[0.274s] Level 5:colcon.colcon_core.verb:set package 'autodrive_f1tenth' build argument 'catkin_cmake_args' from command line to 'None'
[0.274s] Level 5:colcon.colcon_core.verb:set package 'autodrive_f1tenth' build argument 'catkin_skip_building_tests' from command line to 'False'
[0.274s] DEBUG:colcon.colcon_core.verb:Building package 'autodrive_f1tenth' with the following arguments: {'ament_cmake_args': None, 'build_base': '/home/bubblegum/ros2_ws/build/autodrive_f1tenth', 'catkin_cmake_args': None, 'catkin_skip_building_tests': False, 'cmake_args': None, 'cmake_clean_cache': False, 'cmake_clean_first': False, 'cmake_force_configure': False, 'cmake_target': None, 'cmake_target_skip_unavailable': False, 'install_base': '/home/bubblegum/ros2_ws/install/autodrive_f1tenth', 'merge_install': False, 'path': '/home/bubblegum/ros2_ws/src/autodrive_ros2/autodrive_f1tenth', 'symlink_install': False, 'test_result_base': None}
[0.274s] Level 5:colcon.colcon_core.verb:set package 'autodrive_nigel' build argument 'cmake_args' from command line to 'None'
[0.274s] Level 5:colcon.colcon_core.verb:set package 'autodrive_nigel' build argument 'cmake_target' from command line to 'None'
[0.274s] Level 5:colcon.colcon_core.verb:set package 'autodrive_nigel' build argument 'cmake_target_skip_unavailable' from command line to 'False'
[0.274s] Level 5:colcon.colcon_core.verb:set package 'autodrive_nigel' build argument 'cmake_clean_cache' from command line to 'False'
[0.274s] Level 5:colcon.colcon_core.verb:set package 'autodrive_nigel' build argument 'cmake_clean_first' from command line to 'False'
[0.274s] Level 5:colcon.colcon_core.verb:set package 'autodrive_nigel' build argument 'cmake_force_configure' from command line to 'False'
[0.274s] Level 5:colcon.colcon_core.verb:set package 'autodrive_nigel' build argument 'ament_cmake_args' from command line to 'None'
[0.274s] Level 5:colcon.colcon_core.verb:set package 'autodrive_nigel' build argument 'catkin_cmake_args' from command line to 'None'
[0.274s] Level 5:colcon.colcon_core.verb:set package 'autodrive_nigel' build argument 'catkin_skip_building_tests' from command line to 'False'
[0.274s] DEBUG:colcon.colcon_core.verb:Building package 'autodrive_nigel' with the following arguments: {'ament_cmake_args': None, 'build_base': '/home/bubblegum/ros2_ws/build/autodrive_nigel', 'catkin_cmake_args': None, 'catkin_skip_building_tests': False, 'cmake_args': None, 'cmake_clean_cache': False, 'cmake_clean_first': False, 'cmake_force_configure': False, 'cmake_target': None, 'cmake_target_skip_unavailable': False, 'install_base': '/home/bubblegum/ros2_ws/install/autodrive_nigel', 'merge_install': False, 'path': '/home/bubblegum/ros2_ws/src/autodrive_ros2/autodrive_nigel', 'symlink_install': False, 'test_result_base': None}
[0.275s] Level 5:colcon.colcon_core.verb:set package 'my_f1tenth_control' build argument 'cmake_args' from command line to 'None'
[0.275s] Level 5:colcon.colcon_core.verb:set package 'my_f1tenth_control' build argument 'cmake_target' from command line to 'None'
[0.275s] Level 5:colcon.colcon_core.verb:set package 'my_f1tenth_control' build argument 'cmake_target_skip_unavailable' from command line to 'False'
[0.275s] Level 5:colcon.colcon_core.verb:set package 'my_f1tenth_control' build argument 'cmake_clean_cache' from command line to 'False'
[0.275s] Level 5:colcon.colcon_core.verb:set package 'my_f1tenth_control' build argument 'cmake_clean_first' from command line to 'False'
[0.275s] Level 5:colcon.colcon_core.verb:set package 'my_f1tenth_control' build argument 'cmake_force_configure' from command line to 'False'
[0.275s] Level 5:colcon.colcon_core.verb:set package 'my_f1tenth_control' build argument 'ament_cmake_args' from command line to 'None'
[0.275s] Level 5:colcon.colcon_core.verb:set package 'my_f1tenth_control' build argument 'catkin_cmake_args' from command line to 'None'
[0.275s] Level 5:colcon.colcon_core.verb:set package 'my_f1tenth_control' build argument 'catkin_skip_building_tests' from command line to 'False'
[0.275s] DEBUG:colcon.colcon_core.verb:Building package 'my_f1tenth_control' with the following arguments: {'ament_cmake_args': None, 'build_base': '/home/bubblegum/ros2_ws/build/my_f1tenth_control', 'catkin_cmake_args': None, 'catkin_skip_building_tests': False, 'cmake_args': None, 'cmake_clean_cache': False, 'cmake_clean_first': False, 'cmake_force_configure': False, 'cmake_target': None, 'cmake_target_skip_unavailable': False, 'install_base': '/home/bubblegum/ros2_ws/install/my_f1tenth_control', 'merge_install': False, 'path': '/home/bubblegum/ros2_ws/src/my_f1tenth_control', 'symlink_install': False, 'test_result_base': None}
[0.275s] INFO:colcon.colcon_core.executor:Executing jobs using 'parallel' executor
[0.275s] DEBUG:colcon.colcon_parallel_executor.executor.parallel:run_until_complete
[0.276s] INFO:colcon.colcon_ros.task.ament_python.build:Building ROS package in '/home/bubblegum/ros2_ws/src/autodrive_ros2/autodrive_f1tenth' with build type 'ament_python'
[0.276s] Level 1:colcon.colcon_core.shell:create_environment_hook('autodrive_f1tenth', 'ament_prefix_path')
[0.278s] INFO:colcon.colcon_core.plugin_system:Skipping extension 'colcon_core.shell.bat': Not used on non-Windows systems
[0.278s] INFO:colcon.colcon_core.shell:Creating environment hook '/home/bubblegum/ros2_ws/install/autodrive_f1tenth/share/autodrive_f1tenth/hook/ament_prefix_path.ps1'
[0.279s] INFO:colcon.colcon_core.shell:Creating environment descriptor '/home/bubblegum/ros2_ws/install/autodrive_f1tenth/share/autodrive_f1tenth/hook/ament_prefix_path.dsv'
[0.280s] INFO:colcon.colcon_core.shell:Creating environment hook '/home/bubblegum/ros2_ws/install/autodrive_f1tenth/share/autodrive_f1tenth/hook/ament_prefix_path.sh'
[0.280s] INFO:colcon.colcon_core.shell:Skip shell extension 'powershell' for command environment: Not usable outside of PowerShell
[0.280s] DEBUG:colcon.colcon_core.shell:Skip shell extension 'dsv' for command environment
[0.283s] INFO:colcon.colcon_ros.task.ament_python.build:Building ROS package in '/home/bubblegum/ros2_ws/src/autodrive_ros2/autodrive_nigel' with build type 'ament_python'
[0.283s] Level 1:colcon.colcon_core.shell:create_environment_hook('autodrive_nigel', 'ament_prefix_path')
[0.284s] INFO:colcon.colcon_core.shell:Creating environment hook '/home/bubblegum/ros2_ws/install/autodrive_nigel/share/autodrive_nigel/hook/ament_prefix_path.ps1'
[0.284s] INFO:colcon.colcon_core.shell:Creating environment descriptor '/home/bubblegum/ros2_ws/install/autodrive_nigel/share/autodrive_nigel/hook/ament_prefix_path.dsv'
[0.285s] INFO:colcon.colcon_core.shell:Creating environment hook '/home/bubblegum/ros2_ws/install/autodrive_nigel/share/autodrive_nigel/hook/ament_prefix_path.sh'
[0.285s] INFO:colcon.colcon_core.shell:Skip shell extension 'powershell' for command environment: Not usable outside of PowerShell
[0.285s] DEBUG:colcon.colcon_core.shell:Skip shell extension 'dsv' for command environment
[0.292s] INFO:colcon.colcon_ros.task.ament_python.build:Building ROS package in '/home/bubblegum/ros2_ws/src/my_f1tenth_control' with build type 'ament_python'
[0.293s] Level 1:colcon.colcon_core.shell:create_environment_hook('my_f1tenth_control', 'ament_prefix_path')
[0.294s] INFO:colcon.colcon_core.shell:Creating environment hook '/home/bubblegum/ros2_ws/install/my_f1tenth_control/share/my_f1tenth_control/hook/ament_prefix_path.ps1'
[0.296s] INFO:colcon.colcon_core.shell:Creating environment descriptor '/home/bubblegum/ros2_ws/install/my_f1tenth_control/share/my_f1tenth_control/hook/ament_prefix_path.dsv'
[0.296s] INFO:colcon.colcon_core.shell:Creating environment hook '/home/bubblegum/ros2_ws/install/my_f1tenth_control/share/my_f1tenth_control/hook/ament_prefix_path.sh'
[0.296s] INFO:colcon.colcon_core.shell:Skip shell extension 'powershell' for command environment: Not usable outside of PowerShell
[0.296s] DEBUG:colcon.colcon_core.shell:Skip shell extension 'dsv' for command environment
[0.424s] INFO:colcon.colcon_core.task.python.build:Building Python package in '/home/bubblegum/ros2_ws/src/autodrive_ros2/autodrive_f1tenth'
[0.424s] INFO:colcon.colcon_core.shell:Skip shell extension 'powershell' for command environment: Not usable outside of PowerShell
[0.424s] DEBUG:colcon.colcon_core.shell:Skip shell extension 'dsv' for command environment
[0.536s] INFO:colcon.colcon_core.task.python.build:Building Python package in '/home/bubblegum/ros2_ws/src/autodrive_ros2/autodrive_nigel'
[0.537s] INFO:colcon.colcon_core.shell:Skip shell extension 'powershell' for command environment: Not usable outside of PowerShell
[0.537s] DEBUG:colcon.colcon_core.shell:Skip shell extension 'dsv' for command environment
[0.633s] INFO:colcon.colcon_core.task.python.build:Building Python package in '/home/bubblegum/ros2_ws/src/my_f1tenth_control'
[0.634s] INFO:colcon.colcon_core.shell:Skip shell extension 'powershell' for command environment: Not usable outside of PowerShell
[0.634s] DEBUG:colcon.colcon_core.shell:Skip shell extension 'dsv' for command environment
[0.922s] DEBUG:colcon.colcon_core.event_handler.log_command:Invoking command in '/home/bubblegum/ros2_ws/src/autodrive_ros2/autodrive_f1tenth': PYTHONPATH=/home/bubblegum/ros2_ws/build/autodrive_f1tenth/prefix_override:/usr/lib/python3/dist-packages/colcon_core/task/python/colcon_distutils_commands:/home/bubblegum/ros2_ws/install/autodrive_f1tenth/lib/python3.8/site-packages:${PYTHONPATH} /usr/bin/python3 -W ignore:setup.py install is deprecated -W ignore:easy_install command is deprecated setup.py egg_info --egg-base ../../../build/autodrive_f1tenth build --build-base /home/bubblegum/ros2_ws/build/autodrive_f1tenth/build install --record /home/bubblegum/ros2_ws/build/autodrive_f1tenth/install.log --install-scripts $base/lib/autodrive_f1tenth --single-version-externally-managed install_data
[0.938s] DEBUG:colcon.colcon_core.event_handler.log_command:Invoking command in '/home/bubblegum/ros2_ws/src/autodrive_ros2/autodrive_nigel': PYTHONPATH=/home/bubblegum/ros2_ws/build/autodrive_nigel/prefix_override:/usr/lib/python3/dist-packages/colcon_core/task/python/colcon_distutils_commands:/home/bubblegum/ros2_ws/install/autodrive_nigel/lib/python3.8/site-packages:${PYTHONPATH} /usr/bin/python3 -W ignore:setup.py install is deprecated -W ignore:easy_install command is deprecated setup.py egg_info --egg-base ../../../build/autodrive_nigel build --build-base /home/bubblegum/ros2_ws/build/autodrive_nigel/build install --record /home/bubblegum/ros2_ws/build/autodrive_nigel/install.log --install-scripts $base/lib/autodrive_nigel --single-version-externally-managed install_data
[0.938s] DEBUG:colcon.colcon_core.event_handler.log_command:Invoking command in '/home/bubblegum/ros2_ws/src/my_f1tenth_control': PYTHONPATH=/home/bubblegum/ros2_ws/build/my_f1tenth_control/prefix_override:/usr/lib/python3/dist-packages/colcon_core/task/python/colcon_distutils_commands:/home/bubblegum/ros2_ws/install/my_f1tenth_control/lib/python3.8/site-packages:${PYTHONPATH} /usr/bin/python3 -W ignore:setup.py install is deprecated -W ignore:easy_install command is deprecated setup.py egg_info --egg-base ../../build/my_f1tenth_control build --build-base /home/bubblegum/ros2_ws/build/my_f1tenth_control/build install --record /home/bubblegum/ros2_ws/build/my_f1tenth_control/install.log --install-scripts $base/lib/my_f1tenth_control --single-version-externally-managed install_data
[1.111s] DEBUG:colcon.colcon_core.event_handler.log_command:Invoked command in '/home/bubblegum/ros2_ws/src/autodrive_ros2/autodrive_nigel' returned '0': PYTHONPATH=/home/bubblegum/ros2_ws/build/autodrive_nigel/prefix_override:/usr/lib/python3/dist-packages/colcon_core/task/python/colcon_distutils_commands:/home/bubblegum/ros2_ws/install/autodrive_nigel/lib/python3.8/site-packages:${PYTHONPATH} /usr/bin/python3 -W ignore:setup.py install is deprecated -W ignore:easy_install command is deprecated setup.py egg_info --egg-base ../../../build/autodrive_nigel build --build-base /home/bubblegum/ros2_ws/build/autodrive_nigel/build install --record /home/bubblegum/ros2_ws/build/autodrive_nigel/install.log --install-scripts $base/lib/autodrive_nigel --single-version-externally-managed install_data
[1.117s] Level 1:colcon.colcon_core.environment:checking '/home/bubblegum/ros2_ws/install/autodrive_nigel' for CMake module files
[1.117s] Level 1:colcon.colcon_core.environment:checking '/home/bubblegum/ros2_ws/install/autodrive_nigel' for CMake config files
[1.117s] Level 1:colcon.colcon_core.environment:checking '/home/bubblegum/ros2_ws/install/autodrive_nigel/lib'
[1.118s] Level 1:colcon.colcon_core.environment:checking '/home/bubblegum/ros2_ws/install/autodrive_nigel/bin'
[1.118s] Level 1:colcon.colcon_core.environment:checking '/home/bubblegum/ros2_ws/install/autodrive_nigel/lib/pkgconfig/autodrive_nigel.pc'
[1.118s] Level 1:colcon.colcon_core.environment:checking '/home/bubblegum/ros2_ws/install/autodrive_nigel/lib/python3.8/site-packages'
[1.118s] Level 1:colcon.colcon_core.shell:create_environment_hook('autodrive_nigel', 'pythonpath')
[1.118s] INFO:colcon.colcon_core.shell:Creating environment hook '/home/bubblegum/ros2_ws/install/autodrive_nigel/share/autodrive_nigel/hook/pythonpath.ps1'
[1.118s] INFO:colcon.colcon_core.shell:Creating environment descriptor '/home/bubblegum/ros2_ws/install/autodrive_nigel/share/autodrive_nigel/hook/pythonpath.dsv'
[1.119s] INFO:colcon.colcon_core.shell:Creating environment hook '/home/bubblegum/ros2_ws/install/autodrive_nigel/share/autodrive_nigel/hook/pythonpath.sh'
[1.119s] Level 1:colcon.colcon_core.environment:checking '/home/bubblegum/ros2_ws/install/autodrive_nigel/bin'
[1.119s] Level 1:colcon.colcon_core.environment:create_environment_scripts_only(autodrive_nigel)
[1.119s] INFO:colcon.colcon_core.shell:Creating package script '/home/bubblegum/ros2_ws/install/autodrive_nigel/share/autodrive_nigel/package.ps1'
[1.120s] INFO:colcon.colcon_core.shell:Creating package descriptor '/home/bubblegum/ros2_ws/install/autodrive_nigel/share/autodrive_nigel/package.dsv'
[1.121s] INFO:colcon.colcon_core.shell:Creating package script '/home/bubblegum/ros2_ws/install/autodrive_nigel/share/autodrive_nigel/package.sh'
[1.122s] INFO:colcon.colcon_core.shell:Creating package script '/home/bubblegum/ros2_ws/install/autodrive_nigel/share/autodrive_nigel/package.bash'
[1.123s] INFO:colcon.colcon_core.shell:Creating package script '/home/bubblegum/ros2_ws/install/autodrive_nigel/share/autodrive_nigel/package.zsh'
[1.123s] Level 1:colcon.colcon_core.environment:create_file_with_runtime_dependencies(/home/bubblegum/ros2_ws/install/autodrive_nigel/share/colcon-core/packages/autodrive_nigel)
[1.125s] Level 1:colcon.colcon_core.environment:checking '/home/bubblegum/ros2_ws/install/my_f1tenth_control' for CMake module files
[1.125s] Level 1:colcon.colcon_core.environment:checking '/home/bubblegum/ros2_ws/install/my_f1tenth_control' for CMake config files
[1.125s] DEBUG:colcon.colcon_core.event_handler.log_command:Invoked command in '/home/bubblegum/ros2_ws/src/my_f1tenth_control' returned '0': PYTHONPATH=/home/bubblegum/ros2_ws/build/my_f1tenth_control/prefix_override:/usr/lib/python3/dist-packages/colcon_core/task/python/colcon_distutils_commands:/home/bubblegum/ros2_ws/install/my_f1tenth_control/lib/python3.8/site-packages:${PYTHONPATH} /usr/bin/python3 -W ignore:setup.py install is deprecated -W ignore:easy_install command is deprecated setup.py egg_info --egg-base ../../build/my_f1tenth_control build --build-base /home/bubblegum/ros2_ws/build/my_f1tenth_control/build install --record /home/bubblegum/ros2_ws/build/my_f1tenth_control/install.log --install-scripts $base/lib/my_f1tenth_control --single-version-externally-managed install_data
[1.125s] Level 1:colcon.colcon_core.environment:checking '/home/bubblegum/ros2_ws/install/my_f1tenth_control/lib'
[1.125s] Level 1:colcon.colcon_core.environment:checking '/home/bubblegum/ros2_ws/install/my_f1tenth_control/bin'
[1.126s] Level 1:colcon.colcon_core.environment:checking '/home/bubblegum/ros2_ws/install/my_f1tenth_control/lib/pkgconfig/my_f1tenth_control.pc'
[1.126s] Level 1:colcon.colcon_core.environment:checking '/home/bubblegum/ros2_ws/install/my_f1tenth_control/lib/python3.8/site-packages'
[1.126s] Level 1:colcon.colcon_core.shell:create_environment_hook('my_f1tenth_control', 'pythonpath')
[1.126s] INFO:colcon.colcon_core.shell:Creating environment hook '/home/bubblegum/ros2_ws/install/my_f1tenth_control/share/my_f1tenth_control/hook/pythonpath.ps1'
[1.126s] INFO:colcon.colcon_core.shell:Creating environment descriptor '/home/bubblegum/ros2_ws/install/my_f1tenth_control/share/my_f1tenth_control/hook/pythonpath.dsv'
[1.126s] INFO:colcon.colcon_core.shell:Creating environment hook '/home/bubblegum/ros2_ws/install/my_f1tenth_control/share/my_f1tenth_control/hook/pythonpath.sh'
[1.126s] Level 1:colcon.colcon_core.environment:checking '/home/bubblegum/ros2_ws/install/my_f1tenth_control/bin'
[1.126s] Level 1:colcon.colcon_core.environment:create_environment_scripts_only(my_f1tenth_control)
[1.127s] INFO:colcon.colcon_core.shell:Creating package script '/home/bubblegum/ros2_ws/install/my_f1tenth_control/share/my_f1tenth_control/package.ps1'
[1.127s] INFO:colcon.colcon_core.shell:Creating package descriptor '/home/bubblegum/ros2_ws/install/my_f1tenth_control/share/my_f1tenth_control/package.dsv'
[1.127s] INFO:colcon.colcon_core.shell:Creating package script '/home/bubblegum/ros2_ws/install/my_f1tenth_control/share/my_f1tenth_control/package.sh'
[1.127s] INFO:colcon.colcon_core.shell:Creating package script '/home/bubblegum/ros2_ws/install/my_f1tenth_control/share/my_f1tenth_control/package.bash'
[1.127s] INFO:colcon.colcon_core.shell:Creating package script '/home/bubblegum/ros2_ws/install/my_f1tenth_control/share/my_f1tenth_control/package.zsh'
[1.128s] Level 1:colcon.colcon_core.environment:create_file_with_runtime_dependencies(/home/bubblegum/ros2_ws/install/my_f1tenth_control/share/colcon-core/packages/my_f1tenth_control)
[1.128s] Level 1:colcon.colcon_core.environment:checking '/home/bubblegum/ros2_ws/install/autodrive_f1tenth' for CMake module files
[1.128s] Level 1:colcon.colcon_core.environment:checking '/home/bubblegum/ros2_ws/install/autodrive_f1tenth' for CMake config files
[1.128s] Level 1:colcon.colcon_core.environment:checking '/home/bubblegum/ros2_ws/install/autodrive_f1tenth/lib'
[1.128s] Level 1:colcon.colcon_core.environment:checking '/home/bubblegum/ros2_ws/install/autodrive_f1tenth/bin'
[1.128s] Level 1:colcon.colcon_core.environment:checking '/home/bubblegum/ros2_ws/install/autodrive_f1tenth/lib/pkgconfig/autodrive_f1tenth.pc'
[1.129s] Level 1:colcon.colcon_core.environment:checking '/home/bubblegum/ros2_ws/install/autodrive_f1tenth/lib/python3.8/site-packages'
[1.129s] Level 1:colcon.colcon_core.shell:create_environment_hook('autodrive_f1tenth', 'pythonpath')
[1.129s] INFO:colcon.colcon_core.shell:Creating environment hook '/home/bubblegum/ros2_ws/install/autodrive_f1tenth/share/autodrive_f1tenth/hook/pythonpath.ps1'
[1.129s] INFO:colcon.colcon_core.shell:Creating environment descriptor '/home/bubblegum/ros2_ws/install/autodrive_f1tenth/share/autodrive_f1tenth/hook/pythonpath.dsv'
[1.129s] INFO:colcon.colcon_core.shell:Creating environment hook '/home/bubblegum/ros2_ws/install/autodrive_f1tenth/share/autodrive_f1tenth/hook/pythonpath.sh'
[1.129s] Level 1:colcon.colcon_core.environment:checking '/home/bubblegum/ros2_ws/install/autodrive_f1tenth/bin'
[1.129s] Level 1:colcon.colcon_core.environment:create_environment_scripts_only(autodrive_f1tenth)
[1.130s] INFO:colcon.colcon_core.shell:Creating package script '/home/bubblegum/ros2_ws/install/autodrive_f1tenth/share/autodrive_f1tenth/package.ps1'
[1.130s] INFO:colcon.colcon_core.shell:Creating package descriptor '/home/bubblegum/ros2_ws/install/autodrive_f1tenth/share/autodrive_f1tenth/package.dsv'
[1.130s] INFO:colcon.colcon_core.shell:Creating package script '/home/bubblegum/ros2_ws/install/autodrive_f1tenth/share/autodrive_f1tenth/package.sh'
[1.130s] INFO:colcon.colcon_core.shell:Creating package script '/home/bubblegum/ros2_ws/install/autodrive_f1tenth/share/autodrive_f1tenth/package.bash'
[1.130s] INFO:colcon.colcon_core.shell:Creating package script '/home/bubblegum/ros2_ws/install/autodrive_f1tenth/share/autodrive_f1tenth/package.zsh'
[1.131s] Level 1:colcon.colcon_core.environment:create_file_with_runtime_dependencies(/home/bubblegum/ros2_ws/install/autodrive_f1tenth/share/colcon-core/packages/autodrive_f1tenth)
[1.131s] DEBUG:colcon.colcon_parallel_executor.executor.parallel:closing loop
[1.133s] DEBUG:colcon.colcon_parallel_executor.executor.parallel:loop closed
[1.133s] DEBUG:colcon.colcon_parallel_executor.executor.parallel:run_until_complete finished with '0'
[1.134s] DEBUG:colcon.colcon_core.event_reactor:joining thread
[1.134s] DEBUG:colcon.colcon_core.event_handler.log_command:Invoked command in '/home/bubblegum/ros2_ws/src/autodrive_ros2/autodrive_f1tenth' returned '0': PYTHONPATH=/home/bubblegum/ros2_ws/build/autodrive_f1tenth/prefix_override:/usr/lib/python3/dist-packages/colcon_core/task/python/colcon_distutils_commands:/home/bubblegum/ros2_ws/install/autodrive_f1tenth/lib/python3.8/site-packages:${PYTHONPATH} /usr/bin/python3 -W ignore:setup.py install is deprecated -W ignore:easy_install command is deprecated setup.py egg_info --egg-base ../../../build/autodrive_f1tenth build --build-base /home/bubblegum/ros2_ws/build/autodrive_f1tenth/build install --record /home/bubblegum/ros2_ws/build/autodrive_f1tenth/install.log --install-scripts $base/lib/autodrive_f1tenth --single-version-externally-managed install_data
[1.144s] INFO:colcon.colcon_core.plugin_system:Skipping extension 'colcon_notification.desktop_notification.terminal_notifier': Not used on non-Darwin systems
[1.144s] INFO:colcon.colcon_core.plugin_system:Skipping extension 'colcon_notification.desktop_notification.win32': Not used on non-Windows systems
[1.144s] INFO:colcon.colcon_notification.desktop_notification:Sending desktop notification using 'notify2'
[1.167s] DEBUG:colcon.colcon_core.event_reactor:joined thread
[1.167s] INFO:colcon.colcon_core.shell:Creating prefix script '/home/bubblegum/ros2_ws/install/local_setup.ps1'
[1.168s] INFO:colcon.colcon_core.shell:Creating prefix util module '/home/bubblegum/ros2_ws/install/_local_setup_util_ps1.py'
[1.170s] INFO:colcon.colcon_core.shell:Creating prefix chain script '/home/bubblegum/ros2_ws/install/setup.ps1'
[1.178s] INFO:colcon.colcon_core.shell:Creating prefix script '/home/bubblegum/ros2_ws/install/local_setup.sh'
[1.179s] INFO:colcon.colcon_core.shell:Creating prefix util module '/home/bubblegum/ros2_ws/install/_local_setup_util_sh.py'
[1.179s] INFO:colcon.colcon_core.shell:Creating prefix chain script '/home/bubblegum/ros2_ws/install/setup.sh'
[1.180s] INFO:colcon.colcon_core.shell:Creating prefix script '/home/bubblegum/ros2_ws/install/local_setup.bash'
[1.180s] INFO:colcon.colcon_core.shell:Creating prefix chain script '/home/bubblegum/ros2_ws/install/setup.bash'
[1.185s] INFO:colcon.colcon_core.shell:Creating prefix script '/home/bubblegum/ros2_ws/install/local_setup.zsh'
[1.186s] INFO:colcon.colcon_core.shell:Creating prefix chain script '/home/bubblegum/ros2_ws/install/setup.zsh'
