[0.484s] Invoking command in '/home/bubblegum/ros2_ws/src/autodrive_ros2/autodrive_f1tenth': PS1=(.venv) \[\e]0;\u@\h: \w\a\]${debian_chroot:+($debian_chroot)}\[\033[01;32m\]\u@\h\[\033[00m\]:\[\033[01;34m\]\w\[\033[00m\]\$ PYTHONPATH=/home/bubblegum/ros2_ws/build/autodrive_f1tenth/prefix_override:/usr/lib/python3/dist-packages/colcon_core/task/python/colcon_distutils_commands:/home/bubblegum/ros2_ws/install/autodrive_f1tenth/lib/python3.8/site-packages:${PYTHONPATH} /usr/bin/python3 -W ignore:setup.py install is deprecated -W ignore:easy_install command is deprecated setup.py egg_info --egg-base ../../../build/autodrive_f1tenth build --build-base /home/bubblegum/ros2_ws/build/autodrive_f1tenth/build install --record /home/bubblegum/ros2_ws/build/autodrive_f1tenth/install.log --install-scripts $base/lib/autodrive_f1tenth --single-version-externally-managed install_data
[0.585s] running egg_info
[0.585s] creating ../../../build/autodrive_f1tenth/autodrive_f1tenth.egg-info
[0.585s] writing ../../../build/autodrive_f1tenth/autodrive_f1tenth.egg-info/PKG-INFO
[0.585s] writing dependency_links to ../../../build/autodrive_f1tenth/autodrive_f1tenth.egg-info/dependency_links.txt
[0.586s] writing entry points to ../../../build/autodrive_f1tenth/autodrive_f1tenth.egg-info/entry_points.txt
[0.586s] writing requirements to ../../../build/autodrive_f1tenth/autodrive_f1tenth.egg-info/requires.txt
[0.586s] writing top-level names to ../../../build/autodrive_f1tenth/autodrive_f1tenth.egg-info/top_level.txt
[0.590s] writing manifest file '../../../build/autodrive_f1tenth/autodrive_f1tenth.egg-info/SOURCES.txt'
[0.605s] reading manifest file '../../../build/autodrive_f1tenth/autodrive_f1tenth.egg-info/SOURCES.txt'
[0.605s] writing manifest file '../../../build/autodrive_f1tenth/autodrive_f1tenth.egg-info/SOURCES.txt'
[0.605s] running build
[0.605s] running build_py
[0.605s] creating /home/bubblegum/ros2_ws/build/autodrive_f1tenth/build
[0.606s] creating /home/bubblegum/ros2_ws/build/autodrive_f1tenth/build/lib
[0.606s] creating /home/bubblegum/ros2_ws/build/autodrive_f1tenth/build/lib/autodrive_f1tenth
[0.606s] copying autodrive_f1tenth/autodrive_incoming_bridge.py -> /home/bubblegum/ros2_ws/build/autodrive_f1tenth/build/lib/autodrive_f1tenth
[0.606s] copying autodrive_f1tenth/teleop_keyboard.py -> /home/bubblegum/ros2_ws/build/autodrive_f1tenth/build/lib/autodrive_f1tenth
[0.606s] copying autodrive_f1tenth/__init__.py -> /home/bubblegum/ros2_ws/build/autodrive_f1tenth/build/lib/autodrive_f1tenth
[0.606s] copying autodrive_f1tenth/autodrive_outgoing_bridge.py -> /home/bubblegum/ros2_ws/build/autodrive_f1tenth/build/lib/autodrive_f1tenth
[0.606s] copying autodrive_f1tenth/config.py -> /home/bubblegum/ros2_ws/build/autodrive_f1tenth/build/lib/autodrive_f1tenth
[0.606s] running install
[0.606s] running install_lib
[0.607s] creating /home/bubblegum/ros2_ws/install/autodrive_f1tenth/lib/python3.8/site-packages/autodrive_f1tenth
[0.607s] copying /home/bubblegum/ros2_ws/build/autodrive_f1tenth/build/lib/autodrive_f1tenth/autodrive_incoming_bridge.py -> /home/bubblegum/ros2_ws/install/autodrive_f1tenth/lib/python3.8/site-packages/autodrive_f1tenth
[0.607s] copying /home/bubblegum/ros2_ws/build/autodrive_f1tenth/build/lib/autodrive_f1tenth/teleop_keyboard.py -> /home/bubblegum/ros2_ws/install/autodrive_f1tenth/lib/python3.8/site-packages/autodrive_f1tenth
[0.607s] copying /home/bubblegum/ros2_ws/build/autodrive_f1tenth/build/lib/autodrive_f1tenth/__init__.py -> /home/bubblegum/ros2_ws/install/autodrive_f1tenth/lib/python3.8/site-packages/autodrive_f1tenth
[0.607s] copying /home/bubblegum/ros2_ws/build/autodrive_f1tenth/build/lib/autodrive_f1tenth/autodrive_outgoing_bridge.py -> /home/bubblegum/ros2_ws/install/autodrive_f1tenth/lib/python3.8/site-packages/autodrive_f1tenth
[0.607s] copying /home/bubblegum/ros2_ws/build/autodrive_f1tenth/build/lib/autodrive_f1tenth/config.py -> /home/bubblegum/ros2_ws/install/autodrive_f1tenth/lib/python3.8/site-packages/autodrive_f1tenth
[0.607s] byte-compiling /home/bubblegum/ros2_ws/install/autodrive_f1tenth/lib/python3.8/site-packages/autodrive_f1tenth/autodrive_incoming_bridge.py to autodrive_incoming_bridge.cpython-38.pyc
[0.609s] byte-compiling /home/bubblegum/ros2_ws/install/autodrive_f1tenth/lib/python3.8/site-packages/autodrive_f1tenth/teleop_keyboard.py to teleop_keyboard.cpython-38.pyc
[0.609s] byte-compiling /home/bubblegum/ros2_ws/install/autodrive_f1tenth/lib/python3.8/site-packages/autodrive_f1tenth/__init__.py to __init__.cpython-38.pyc
[0.609s] byte-compiling /home/bubblegum/ros2_ws/install/autodrive_f1tenth/lib/python3.8/site-packages/autodrive_f1tenth/autodrive_outgoing_bridge.py to autodrive_outgoing_bridge.cpython-38.pyc
[0.610s] byte-compiling /home/bubblegum/ros2_ws/install/autodrive_f1tenth/lib/python3.8/site-packages/autodrive_f1tenth/config.py to config.cpython-38.pyc
[0.610s] running install_data
[0.610s] creating /home/bubblegum/ros2_ws/install/autodrive_f1tenth/share/ament_index
[0.610s] creating /home/bubblegum/ros2_ws/install/autodrive_f1tenth/share/ament_index/resource_index
[0.610s] creating /home/bubblegum/ros2_ws/install/autodrive_f1tenth/share/ament_index/resource_index/packages
[0.610s] copying resource/autodrive_f1tenth -> /home/bubblegum/ros2_ws/install/autodrive_f1tenth/share/ament_index/resource_index/packages
[0.610s] copying package.xml -> /home/bubblegum/ros2_ws/install/autodrive_f1tenth/share/autodrive_f1tenth
[0.610s] creating /home/bubblegum/ros2_ws/install/autodrive_f1tenth/share/autodrive_f1tenth/launch
[0.610s] copying launch/simulator_bringup_headless.launch.py -> /home/bubblegum/ros2_ws/install/autodrive_f1tenth/share/autodrive_f1tenth/launch
[0.610s] copying launch/simulator_bringup_rviz.launch.py -> /home/bubblegum/ros2_ws/install/autodrive_f1tenth/share/autodrive_f1tenth/launch
[0.610s] creating /home/bubblegum/ros2_ws/install/autodrive_f1tenth/share/autodrive_f1tenth/rviz
[0.610s] copying rviz/simulator.rviz -> /home/bubblegum/ros2_ws/install/autodrive_f1tenth/share/autodrive_f1tenth/rviz
[0.610s] running install_egg_info
[0.611s] Copying ../../../build/autodrive_f1tenth/autodrive_f1tenth.egg-info to /home/bubblegum/ros2_ws/install/autodrive_f1tenth/lib/python3.8/site-packages/autodrive_f1tenth-0.1.0-py3.8.egg-info
[0.611s] running install_scripts
[0.620s] Installing autodrive_incoming_bridge script to /home/bubblegum/ros2_ws/install/autodrive_f1tenth/lib/autodrive_f1tenth
[0.620s] Installing autodrive_outgoing_bridge script to /home/bubblegum/ros2_ws/install/autodrive_f1tenth/lib/autodrive_f1tenth
[0.620s] Installing teleop_keyboard script to /home/bubblegum/ros2_ws/install/autodrive_f1tenth/lib/autodrive_f1tenth
[0.621s] writing list of installed files to '/home/bubblegum/ros2_ws/build/autodrive_f1tenth/install.log'
[0.643s] Invoked command in '/home/bubblegum/ros2_ws/src/autodrive_ros2/autodrive_f1tenth' returned '0': PS1=(.venv) \[\e]0;\u@\h: \w\a\]${debian_chroot:+($debian_chroot)}\[\033[01;32m\]\u@\h\[\033[00m\]:\[\033[01;34m\]\w\[\033[00m\]\$ PYTHONPATH=/home/bubblegum/ros2_ws/build/autodrive_f1tenth/prefix_override:/usr/lib/python3/dist-packages/colcon_core/task/python/colcon_distutils_commands:/home/bubblegum/ros2_ws/install/autodrive_f1tenth/lib/python3.8/site-packages:${PYTHONPATH} /usr/bin/python3 -W ignore:setup.py install is deprecated -W ignore:easy_install command is deprecated setup.py egg_info --egg-base ../../../build/autodrive_f1tenth build --build-base /home/bubblegum/ros2_ws/build/autodrive_f1tenth/build install --record /home/bubblegum/ros2_ws/build/autodrive_f1tenth/install.log --install-scripts $base/lib/autodrive_f1tenth --single-version-externally-managed install_data
