[0.157s] DEBUG:colcon:Command line arguments: ['/usr/bin/colcon', 'build']
[0.158s] DEBUG:colcon:Parsed command line arguments: Namespace(allow_overriding=[], ament_cmake_args=None, base_paths=['.'], build_base='build', catkin_cmake_args=None, catkin_skip_building_tests=False, cmake_args=None, cmake_clean_cache=False, cmake_clean_first=False, cmake_force_configure=False, cmake_target=None, cmake_target_skip_unavailable=False, continue_on_error=False, event_handlers=None, executor='parallel', ignore_user_meta=False, install_base='install', log_base=None, log_level=None, main=<bound method BuildVerb.main of <colcon_core.verb.build.BuildVerb object at 0x7fe4d4c59790>>, merge_install=False, metas=['./colcon.meta'], packages_above=None, packages_above_and_dependencies=None, packages_above_depth=None, packages_end=None, packages_ignore=None, packages_ignore_regex=None, packages_select=None, packages_select_build_failed=False, packages_select_by_dep=None, packages_select_regex=None, packages_select_test_failures=False, packages_skip=None, packages_skip_build_finished=False, packages_skip_by_dep=None, packages_skip_regex=None, packages_skip_test_passed=False, packages_skip_up_to=None, packages_start=None, packages_up_to=None, packages_up_to_regex=None, parallel_workers=4, paths=None, symlink_install=False, test_result_base=None, verb_extension=<colcon_core.verb.build.BuildVerb object at 0x7fe4d4c59790>, verb_name='build', verb_parser=<colcon_defaults.argument_parser.defaults.DefaultArgumentsDecorator object at 0x7fe4d4c59ca0>)
[0.288s] Level 1:colcon.colcon_core.package_discovery:discover_packages(colcon_meta) check parameters
[0.289s] Level 1:colcon.colcon_core.package_discovery:discover_packages(recursive) check parameters
[0.289s] Level 1:colcon.colcon_core.package_discovery:discover_packages(ignore) check parameters
[0.289s] Level 1:colcon.colcon_core.package_discovery:discover_packages(path) check parameters
[0.289s] Level 1:colcon.colcon_core.package_discovery:discover_packages(colcon_meta) discover
[0.289s] Level 1:colcon.colcon_core.package_discovery:discover_packages(recursive) discover
[0.289s] INFO:colcon.colcon_core.package_discovery:Crawling recursively for packages in '/home/bubblegum/ros2_ws'
[0.289s] Level 1:colcon.colcon_core.package_identification:_identify(.) by extensions ['ignore', 'ignore_ament_install']
[0.289s] Level 1:colcon.colcon_core.package_identification:_identify(.) by extension 'ignore'
[0.289s] Level 1:colcon.colcon_core.package_identification:_identify(.) by extension 'ignore_ament_install'
[0.289s] Level 1:colcon.colcon_core.package_identification:_identify(.) by extensions ['colcon_pkg']
[0.289s] Level 1:colcon.colcon_core.package_identification:_identify(.) by extension 'colcon_pkg'
[0.289s] Level 1:colcon.colcon_core.package_identification:_identify(.) by extensions ['colcon_meta']
[0.289s] Level 1:colcon.colcon_core.package_identification:_identify(.) by extension 'colcon_meta'
[0.289s] Level 1:colcon.colcon_core.package_identification:_identify(.) by extensions ['ros']
[0.289s] Level 1:colcon.colcon_core.package_identification:_identify(.) by extension 'ros'
[0.296s] Level 1:colcon.colcon_core.package_identification:_identify(.) by extensions ['cmake', 'python']
[0.296s] Level 1:colcon.colcon_core.package_identification:_identify(.) by extension 'cmake'
[0.296s] Level 1:colcon.colcon_core.package_identification:_identify(.) by extension 'python'
[0.296s] Level 1:colcon.colcon_core.package_identification:_identify(.) by extensions ['python_setup_py']
[0.296s] Level 1:colcon.colcon_core.package_identification:_identify(.) by extension 'python_setup_py'
[0.296s] Level 1:colcon.colcon_core.package_identification:_identify(build) by extensions ['ignore', 'ignore_ament_install']
[0.297s] Level 1:colcon.colcon_core.package_identification:_identify(build) by extension 'ignore'
[0.297s] Level 1:colcon.colcon_core.package_identification:_identify(build) ignored
[0.297s] Level 1:colcon.colcon_core.package_identification:_identify(install) by extensions ['ignore', 'ignore_ament_install']
[0.297s] Level 1:colcon.colcon_core.package_identification:_identify(install) by extension 'ignore'
[0.297s] Level 1:colcon.colcon_core.package_identification:_identify(install) ignored
[0.297s] Level 1:colcon.colcon_core.package_identification:_identify(log) by extensions ['ignore', 'ignore_ament_install']
[0.297s] Level 1:colcon.colcon_core.package_identification:_identify(log) by extension 'ignore'
[0.297s] Level 1:colcon.colcon_core.package_identification:_identify(log) ignored
[0.297s] Level 1:colcon.colcon_core.package_identification:_identify(src) by extensions ['ignore', 'ignore_ament_install']
[0.297s] Level 1:colcon.colcon_core.package_identification:_identify(src) by extension 'ignore'
[0.297s] Level 1:colcon.colcon_core.package_identification:_identify(src) by extension 'ignore_ament_install'
[0.297s] Level 1:colcon.colcon_core.package_identification:_identify(src) by extensions ['colcon_pkg']
[0.297s] Level 1:colcon.colcon_core.package_identification:_identify(src) by extension 'colcon_pkg'
[0.297s] Level 1:colcon.colcon_core.package_identification:_identify(src) by extensions ['colcon_meta']
[0.297s] Level 1:colcon.colcon_core.package_identification:_identify(src) by extension 'colcon_meta'
[0.297s] Level 1:colcon.colcon_core.package_identification:_identify(src) by extensions ['ros']
[0.297s] Level 1:colcon.colcon_core.package_identification:_identify(src) by extension 'ros'
[0.297s] Level 1:colcon.colcon_core.package_identification:_identify(src) by extensions ['cmake', 'python']
[0.297s] Level 1:colcon.colcon_core.package_identification:_identify(src) by extension 'cmake'
[0.297s] Level 1:colcon.colcon_core.package_identification:_identify(src) by extension 'python'
[0.297s] Level 1:colcon.colcon_core.package_identification:_identify(src) by extensions ['python_setup_py']
[0.297s] Level 1:colcon.colcon_core.package_identification:_identify(src) by extension 'python_setup_py'
[0.297s] Level 1:colcon.colcon_core.package_identification:_identify(src/autodrive_ros2) by extensions ['ignore', 'ignore_ament_install']
[0.297s] Level 1:colcon.colcon_core.package_identification:_identify(src/autodrive_ros2) by extension 'ignore'
[0.297s] Level 1:colcon.colcon_core.package_identification:_identify(src/autodrive_ros2) by extension 'ignore_ament_install'
[0.297s] Level 1:colcon.colcon_core.package_identification:_identify(src/autodrive_ros2) by extensions ['colcon_pkg']
[0.297s] Level 1:colcon.colcon_core.package_identification:_identify(src/autodrive_ros2) by extension 'colcon_pkg'
[0.297s] Level 1:colcon.colcon_core.package_identification:_identify(src/autodrive_ros2) by extensions ['colcon_meta']
[0.298s] Level 1:colcon.colcon_core.package_identification:_identify(src/autodrive_ros2) by extension 'colcon_meta'
[0.298s] Level 1:colcon.colcon_core.package_identification:_identify(src/autodrive_ros2) by extensions ['ros']
[0.298s] Level 1:colcon.colcon_core.package_identification:_identify(src/autodrive_ros2) by extension 'ros'
[0.298s] Level 1:colcon.colcon_core.package_identification:_identify(src/autodrive_ros2) by extensions ['cmake', 'python']
[0.298s] Level 1:colcon.colcon_core.package_identification:_identify(src/autodrive_ros2) by extension 'cmake'
[0.298s] Level 1:colcon.colcon_core.package_identification:_identify(src/autodrive_ros2) by extension 'python'
[0.298s] Level 1:colcon.colcon_core.package_identification:_identify(src/autodrive_ros2) by extensions ['python_setup_py']
[0.298s] Level 1:colcon.colcon_core.package_identification:_identify(src/autodrive_ros2) by extension 'python_setup_py'
[0.298s] Level 1:colcon.colcon_core.package_identification:_identify(src/autodrive_ros2/autodrive_f1tenth) by extensions ['ignore', 'ignore_ament_install']
[0.298s] Level 1:colcon.colcon_core.package_identification:_identify(src/autodrive_ros2/autodrive_f1tenth) by extension 'ignore'
[0.298s] Level 1:colcon.colcon_core.package_identification:_identify(src/autodrive_ros2/autodrive_f1tenth) by extension 'ignore_ament_install'
[0.298s] Level 1:colcon.colcon_core.package_identification:_identify(src/autodrive_ros2/autodrive_f1tenth) by extensions ['colcon_pkg']
[0.298s] Level 1:colcon.colcon_core.package_identification:_identify(src/autodrive_ros2/autodrive_f1tenth) by extension 'colcon_pkg'
[0.298s] Level 1:colcon.colcon_core.package_identification:_identify(src/autodrive_ros2/autodrive_f1tenth) by extensions ['colcon_meta']
[0.298s] Level 1:colcon.colcon_core.package_identification:_identify(src/autodrive_ros2/autodrive_f1tenth) by extension 'colcon_meta'
[0.298s] Level 1:colcon.colcon_core.package_identification:_identify(src/autodrive_ros2/autodrive_f1tenth) by extensions ['ros']
[0.298s] Level 1:colcon.colcon_core.package_identification:_identify(src/autodrive_ros2/autodrive_f1tenth) by extension 'ros'
[0.300s] DEBUG:colcon.colcon_core.package_identification:Package 'src/autodrive_ros2/autodrive_f1tenth' with type 'ros.ament_python' and name 'autodrive_f1tenth'
[0.300s] Level 1:colcon.colcon_core.package_identification:_identify(src/autodrive_ros2/autodrive_nigel) by extensions ['ignore', 'ignore_ament_install']
[0.300s] Level 1:colcon.colcon_core.package_identification:_identify(src/autodrive_ros2/autodrive_nigel) by extension 'ignore'
[0.300s] Level 1:colcon.colcon_core.package_identification:_identify(src/autodrive_ros2/autodrive_nigel) by extension 'ignore_ament_install'
[0.300s] Level 1:colcon.colcon_core.package_identification:_identify(src/autodrive_ros2/autodrive_nigel) by extensions ['colcon_pkg']
[0.300s] Level 1:colcon.colcon_core.package_identification:_identify(src/autodrive_ros2/autodrive_nigel) by extension 'colcon_pkg'
[0.300s] Level 1:colcon.colcon_core.package_identification:_identify(src/autodrive_ros2/autodrive_nigel) by extensions ['colcon_meta']
[0.300s] Level 1:colcon.colcon_core.package_identification:_identify(src/autodrive_ros2/autodrive_nigel) by extension 'colcon_meta'
[0.300s] Level 1:colcon.colcon_core.package_identification:_identify(src/autodrive_ros2/autodrive_nigel) by extensions ['ros']
[0.300s] Level 1:colcon.colcon_core.package_identification:_identify(src/autodrive_ros2/autodrive_nigel) by extension 'ros'
[0.300s] DEBUG:colcon.colcon_core.package_identification:Package 'src/autodrive_ros2/autodrive_nigel' with type 'ros.ament_python' and name 'autodrive_nigel'
[0.301s] Level 1:colcon.colcon_core.package_identification:_identify(src/my_f1tenth_control) by extensions ['ignore', 'ignore_ament_install']
[0.301s] Level 1:colcon.colcon_core.package_identification:_identify(src/my_f1tenth_control) by extension 'ignore'
[0.301s] Level 1:colcon.colcon_core.package_identification:_identify(src/my_f1tenth_control) by extension 'ignore_ament_install'
[0.301s] Level 1:colcon.colcon_core.package_identification:_identify(src/my_f1tenth_control) by extensions ['colcon_pkg']
[0.301s] Level 1:colcon.colcon_core.package_identification:_identify(src/my_f1tenth_control) by extension 'colcon_pkg'
[0.301s] Level 1:colcon.colcon_core.package_identification:_identify(src/my_f1tenth_control) by extensions ['colcon_meta']
[0.301s] Level 1:colcon.colcon_core.package_identification:_identify(src/my_f1tenth_control) by extension 'colcon_meta'
[0.301s] Level 1:colcon.colcon_core.package_identification:_identify(src/my_f1tenth_control) by extensions ['ros']
[0.301s] Level 1:colcon.colcon_core.package_identification:_identify(src/my_f1tenth_control) by extension 'ros'
[0.301s] DEBUG:colcon.colcon_core.package_identification:Package 'src/my_f1tenth_control' with type 'ros.ament_python' and name 'my_f1tenth_control'
[0.301s] Level 1:colcon.colcon_core.package_discovery:discover_packages(recursive) using defaults
[0.301s] Level 1:colcon.colcon_core.package_discovery:discover_packages(ignore) discover
[0.301s] Level 1:colcon.colcon_core.package_discovery:discover_packages(ignore) using defaults
[0.301s] Level 1:colcon.colcon_core.package_discovery:discover_packages(path) discover
[0.301s] Level 1:colcon.colcon_core.package_discovery:discover_packages(path) using defaults
[0.312s] Level 1:colcon.colcon_core.package_discovery:discover_packages(prefix_path) check parameters
[0.312s] Level 1:colcon.colcon_core.package_discovery:discover_packages(prefix_path) discover
[0.313s] DEBUG:colcon.colcon_installed_package_information.package_discovery:Found 3 installed packages in /home/bubblegum/ros2_ws/install
[0.314s] DEBUG:colcon.colcon_installed_package_information.package_discovery:Found 266 installed packages in /opt/ros/foxy
[0.328s] Level 1:colcon.colcon_core.package_discovery:discover_packages(prefix_path) using defaults
[0.379s] Level 5:colcon.colcon_core.verb:set package 'autodrive_f1tenth' build argument 'cmake_args' from command line to 'None'
[0.379s] Level 5:colcon.colcon_core.verb:set package 'autodrive_f1tenth' build argument 'cmake_target' from command line to 'None'
[0.379s] Level 5:colcon.colcon_core.verb:set package 'autodrive_f1tenth' build argument 'cmake_target_skip_unavailable' from command line to 'False'
[0.379s] Level 5:colcon.colcon_core.verb:set package 'autodrive_f1tenth' build argument 'cmake_clean_cache' from command line to 'False'
[0.379s] Level 5:colcon.colcon_core.verb:set package 'autodrive_f1tenth' build argument 'cmake_clean_first' from command line to 'False'
[0.379s] Level 5:colcon.colcon_core.verb:set package 'autodrive_f1tenth' build argument 'cmake_force_configure' from command line to 'False'
[0.379s] Level 5:colcon.colcon_core.verb:set package 'autodrive_f1tenth' build argument 'ament_cmake_args' from command line to 'None'
[0.379s] Level 5:colcon.colcon_core.verb:set package 'autodrive_f1tenth' build argument 'catkin_cmake_args' from command line to 'None'
[0.379s] Level 5:colcon.colcon_core.verb:set package 'autodrive_f1tenth' build argument 'catkin_skip_building_tests' from command line to 'False'
[0.379s] DEBUG:colcon.colcon_core.verb:Building package 'autodrive_f1tenth' with the following arguments: {'ament_cmake_args': None, 'build_base': '/home/bubblegum/ros2_ws/build/autodrive_f1tenth', 'catkin_cmake_args': None, 'catkin_skip_building_tests': False, 'cmake_args': None, 'cmake_clean_cache': False, 'cmake_clean_first': False, 'cmake_force_configure': False, 'cmake_target': None, 'cmake_target_skip_unavailable': False, 'install_base': '/home/bubblegum/ros2_ws/install/autodrive_f1tenth', 'merge_install': False, 'path': '/home/bubblegum/ros2_ws/src/autodrive_ros2/autodrive_f1tenth', 'symlink_install': False, 'test_result_base': None}
[0.379s] Level 5:colcon.colcon_core.verb:set package 'autodrive_nigel' build argument 'cmake_args' from command line to 'None'
[0.379s] Level 5:colcon.colcon_core.verb:set package 'autodrive_nigel' build argument 'cmake_target' from command line to 'None'
[0.379s] Level 5:colcon.colcon_core.verb:set package 'autodrive_nigel' build argument 'cmake_target_skip_unavailable' from command line to 'False'
[0.379s] Level 5:colcon.colcon_core.verb:set package 'autodrive_nigel' build argument 'cmake_clean_cache' from command line to 'False'
[0.379s] Level 5:colcon.colcon_core.verb:set package 'autodrive_nigel' build argument 'cmake_clean_first' from command line to 'False'
[0.379s] Level 5:colcon.colcon_core.verb:set package 'autodrive_nigel' build argument 'cmake_force_configure' from command line to 'False'
[0.379s] Level 5:colcon.colcon_core.verb:set package 'autodrive_nigel' build argument 'ament_cmake_args' from command line to 'None'
[0.379s] Level 5:colcon.colcon_core.verb:set package 'autodrive_nigel' build argument 'catkin_cmake_args' from command line to 'None'
[0.379s] Level 5:colcon.colcon_core.verb:set package 'autodrive_nigel' build argument 'catkin_skip_building_tests' from command line to 'False'
[0.379s] DEBUG:colcon.colcon_core.verb:Building package 'autodrive_nigel' with the following arguments: {'ament_cmake_args': None, 'build_base': '/home/bubblegum/ros2_ws/build/autodrive_nigel', 'catkin_cmake_args': None, 'catkin_skip_building_tests': False, 'cmake_args': None, 'cmake_clean_cache': False, 'cmake_clean_first': False, 'cmake_force_configure': False, 'cmake_target': None, 'cmake_target_skip_unavailable': False, 'install_base': '/home/bubblegum/ros2_ws/install/autodrive_nigel', 'merge_install': False, 'path': '/home/bubblegum/ros2_ws/src/autodrive_ros2/autodrive_nigel', 'symlink_install': False, 'test_result_base': None}
[0.380s] Level 5:colcon.colcon_core.verb:set package 'my_f1tenth_control' build argument 'cmake_args' from command line to 'None'
[0.380s] Level 5:colcon.colcon_core.verb:set package 'my_f1tenth_control' build argument 'cmake_target' from command line to 'None'
[0.380s] Level 5:colcon.colcon_core.verb:set package 'my_f1tenth_control' build argument 'cmake_target_skip_unavailable' from command line to 'False'
[0.380s] Level 5:colcon.colcon_core.verb:set package 'my_f1tenth_control' build argument 'cmake_clean_cache' from command line to 'False'
[0.380s] Level 5:colcon.colcon_core.verb:set package 'my_f1tenth_control' build argument 'cmake_clean_first' from command line to 'False'
[0.380s] Level 5:colcon.colcon_core.verb:set package 'my_f1tenth_control' build argument 'cmake_force_configure' from command line to 'False'
[0.380s] Level 5:colcon.colcon_core.verb:set package 'my_f1tenth_control' build argument 'ament_cmake_args' from command line to 'None'
[0.380s] Level 5:colcon.colcon_core.verb:set package 'my_f1tenth_control' build argument 'catkin_cmake_args' from command line to 'None'
[0.380s] Level 5:colcon.colcon_core.verb:set package 'my_f1tenth_control' build argument 'catkin_skip_building_tests' from command line to 'False'
[0.380s] DEBUG:colcon.colcon_core.verb:Building package 'my_f1tenth_control' with the following arguments: {'ament_cmake_args': None, 'build_base': '/home/bubblegum/ros2_ws/build/my_f1tenth_control', 'catkin_cmake_args': None, 'catkin_skip_building_tests': False, 'cmake_args': None, 'cmake_clean_cache': False, 'cmake_clean_first': False, 'cmake_force_configure': False, 'cmake_target': None, 'cmake_target_skip_unavailable': False, 'install_base': '/home/bubblegum/ros2_ws/install/my_f1tenth_control', 'merge_install': False, 'path': '/home/bubblegum/ros2_ws/src/my_f1tenth_control', 'symlink_install': False, 'test_result_base': None}
[0.380s] INFO:colcon.colcon_core.executor:Executing jobs using 'parallel' executor
[0.381s] DEBUG:colcon.colcon_parallel_executor.executor.parallel:run_until_complete
[0.381s] INFO:colcon.colcon_ros.task.ament_python.build:Building ROS package in '/home/bubblegum/ros2_ws/src/autodrive_ros2/autodrive_f1tenth' with build type 'ament_python'
[0.381s] Level 1:colcon.colcon_core.shell:create_environment_hook('autodrive_f1tenth', 'ament_prefix_path')
[0.383s] INFO:colcon.colcon_core.plugin_system:Skipping extension 'colcon_core.shell.bat': Not used on non-Windows systems
[0.383s] INFO:colcon.colcon_core.shell:Creating environment hook '/home/bubblegum/ros2_ws/install/autodrive_f1tenth/share/autodrive_f1tenth/hook/ament_prefix_path.ps1'
[0.384s] INFO:colcon.colcon_core.shell:Creating environment descriptor '/home/bubblegum/ros2_ws/install/autodrive_f1tenth/share/autodrive_f1tenth/hook/ament_prefix_path.dsv'
[0.384s] INFO:colcon.colcon_core.shell:Creating environment hook '/home/bubblegum/ros2_ws/install/autodrive_f1tenth/share/autodrive_f1tenth/hook/ament_prefix_path.sh'
[0.385s] INFO:colcon.colcon_core.shell:Skip shell extension 'powershell' for command environment: Not usable outside of PowerShell
[0.385s] DEBUG:colcon.colcon_core.shell:Skip shell extension 'dsv' for command environment
[0.388s] INFO:colcon.colcon_ros.task.ament_python.build:Building ROS package in '/home/bubblegum/ros2_ws/src/autodrive_ros2/autodrive_nigel' with build type 'ament_python'
[0.389s] Level 1:colcon.colcon_core.shell:create_environment_hook('autodrive_nigel', 'ament_prefix_path')
[0.389s] INFO:colcon.colcon_core.shell:Creating environment hook '/home/bubblegum/ros2_ws/install/autodrive_nigel/share/autodrive_nigel/hook/ament_prefix_path.ps1'
[0.390s] INFO:colcon.colcon_core.shell:Creating environment descriptor '/home/bubblegum/ros2_ws/install/autodrive_nigel/share/autodrive_nigel/hook/ament_prefix_path.dsv'
[0.390s] INFO:colcon.colcon_core.shell:Creating environment hook '/home/bubblegum/ros2_ws/install/autodrive_nigel/share/autodrive_nigel/hook/ament_prefix_path.sh'
[0.391s] INFO:colcon.colcon_core.shell:Skip shell extension 'powershell' for command environment: Not usable outside of PowerShell
[0.391s] DEBUG:colcon.colcon_core.shell:Skip shell extension 'dsv' for command environment
[0.395s] INFO:colcon.colcon_ros.task.ament_python.build:Building ROS package in '/home/bubblegum/ros2_ws/src/my_f1tenth_control' with build type 'ament_python'
[0.395s] Level 1:colcon.colcon_core.shell:create_environment_hook('my_f1tenth_control', 'ament_prefix_path')
[0.395s] INFO:colcon.colcon_core.shell:Creating environment hook '/home/bubblegum/ros2_ws/install/my_f1tenth_control/share/my_f1tenth_control/hook/ament_prefix_path.ps1'
[0.396s] INFO:colcon.colcon_core.shell:Creating environment descriptor '/home/bubblegum/ros2_ws/install/my_f1tenth_control/share/my_f1tenth_control/hook/ament_prefix_path.dsv'
[0.397s] INFO:colcon.colcon_core.shell:Creating environment hook '/home/bubblegum/ros2_ws/install/my_f1tenth_control/share/my_f1tenth_control/hook/ament_prefix_path.sh'
[0.397s] INFO:colcon.colcon_core.shell:Skip shell extension 'powershell' for command environment: Not usable outside of PowerShell
[0.397s] DEBUG:colcon.colcon_core.shell:Skip shell extension 'dsv' for command environment
[0.612s] INFO:colcon.colcon_core.task.python.build:Building Python package in '/home/bubblegum/ros2_ws/src/autodrive_ros2/autodrive_f1tenth'
[0.613s] INFO:colcon.colcon_core.shell:Skip shell extension 'powershell' for command environment: Not usable outside of PowerShell
[0.613s] DEBUG:colcon.colcon_core.shell:Skip shell extension 'dsv' for command environment
[0.808s] INFO:colcon.colcon_core.task.python.build:Building Python package in '/home/bubblegum/ros2_ws/src/autodrive_ros2/autodrive_nigel'
[0.808s] INFO:colcon.colcon_core.shell:Skip shell extension 'powershell' for command environment: Not usable outside of PowerShell
[0.808s] DEBUG:colcon.colcon_core.shell:Skip shell extension 'dsv' for command environment
[1.013s] INFO:colcon.colcon_core.task.python.build:Building Python package in '/home/bubblegum/ros2_ws/src/my_f1tenth_control'
[1.014s] INFO:colcon.colcon_core.shell:Skip shell extension 'powershell' for command environment: Not usable outside of PowerShell
[1.014s] DEBUG:colcon.colcon_core.shell:Skip shell extension 'dsv' for command environment
[1.413s] DEBUG:colcon.colcon_core.event_handler.log_command:Invoking command in '/home/bubblegum/ros2_ws/src/autodrive_ros2/autodrive_f1tenth': PYTHONPATH=/home/bubblegum/ros2_ws/build/autodrive_f1tenth/prefix_override:/usr/lib/python3/dist-packages/colcon_core/task/python/colcon_distutils_commands:/home/bubblegum/ros2_ws/install/autodrive_f1tenth/lib/python3.8/site-packages:${PYTHONPATH} /usr/bin/python3 -W ignore:setup.py install is deprecated -W ignore:easy_install command is deprecated setup.py egg_info --egg-base ../../../build/autodrive_f1tenth build --build-base /home/bubblegum/ros2_ws/build/autodrive_f1tenth/build install --record /home/bubblegum/ros2_ws/build/autodrive_f1tenth/install.log --install-scripts $base/lib/autodrive_f1tenth --single-version-externally-managed install_data
[1.452s] DEBUG:colcon.colcon_core.event_handler.log_command:Invoking command in '/home/bubblegum/ros2_ws/src/autodrive_ros2/autodrive_nigel': PYTHONPATH=/home/bubblegum/ros2_ws/build/autodrive_nigel/prefix_override:/usr/lib/python3/dist-packages/colcon_core/task/python/colcon_distutils_commands:/home/bubblegum/ros2_ws/install/autodrive_nigel/lib/python3.8/site-packages:${PYTHONPATH} /usr/bin/python3 -W ignore:setup.py install is deprecated -W ignore:easy_install command is deprecated setup.py egg_info --egg-base ../../../build/autodrive_nigel build --build-base /home/bubblegum/ros2_ws/build/autodrive_nigel/build install --record /home/bubblegum/ros2_ws/build/autodrive_nigel/install.log --install-scripts $base/lib/autodrive_nigel --single-version-externally-managed install_data
[1.482s] DEBUG:colcon.colcon_core.event_handler.log_command:Invoking command in '/home/bubblegum/ros2_ws/src/my_f1tenth_control': PYTHONPATH=/home/bubblegum/ros2_ws/build/my_f1tenth_control/prefix_override:/usr/lib/python3/dist-packages/colcon_core/task/python/colcon_distutils_commands:/home/bubblegum/ros2_ws/install/my_f1tenth_control/lib/python3.8/site-packages:${PYTHONPATH} /usr/bin/python3 -W ignore:setup.py install is deprecated -W ignore:easy_install command is deprecated setup.py egg_info --egg-base ../../build/my_f1tenth_control build --build-base /home/bubblegum/ros2_ws/build/my_f1tenth_control/build install --record /home/bubblegum/ros2_ws/build/my_f1tenth_control/install.log --install-scripts $base/lib/my_f1tenth_control --single-version-externally-managed install_data
[1.749s] DEBUG:colcon.colcon_core.event_handler.log_command:Invoked command in '/home/bubblegum/ros2_ws/src/autodrive_ros2/autodrive_f1tenth' returned '0': PYTHONPATH=/home/bubblegum/ros2_ws/build/autodrive_f1tenth/prefix_override:/usr/lib/python3/dist-packages/colcon_core/task/python/colcon_distutils_commands:/home/bubblegum/ros2_ws/install/autodrive_f1tenth/lib/python3.8/site-packages:${PYTHONPATH} /usr/bin/python3 -W ignore:setup.py install is deprecated -W ignore:easy_install command is deprecated setup.py egg_info --egg-base ../../../build/autodrive_f1tenth build --build-base /home/bubblegum/ros2_ws/build/autodrive_f1tenth/build install --record /home/bubblegum/ros2_ws/build/autodrive_f1tenth/install.log --install-scripts $base/lib/autodrive_f1tenth --single-version-externally-managed install_data
[1.752s] Level 1:colcon.colcon_core.environment:checking '/home/bubblegum/ros2_ws/install/autodrive_f1tenth' for CMake module files
[1.756s] Level 1:colcon.colcon_core.environment:checking '/home/bubblegum/ros2_ws/install/autodrive_f1tenth' for CMake config files
[1.757s] Level 1:colcon.colcon_core.environment:checking '/home/bubblegum/ros2_ws/install/autodrive_f1tenth/lib'
[1.757s] Level 1:colcon.colcon_core.environment:checking '/home/bubblegum/ros2_ws/install/autodrive_f1tenth/bin'
[1.757s] Level 1:colcon.colcon_core.environment:checking '/home/bubblegum/ros2_ws/install/autodrive_f1tenth/lib/pkgconfig/autodrive_f1tenth.pc'
[1.757s] Level 1:colcon.colcon_core.environment:checking '/home/bubblegum/ros2_ws/install/autodrive_f1tenth/lib/python3.8/site-packages'
[1.757s] Level 1:colcon.colcon_core.shell:create_environment_hook('autodrive_f1tenth', 'pythonpath')
[1.757s] INFO:colcon.colcon_core.shell:Creating environment hook '/home/bubblegum/ros2_ws/install/autodrive_f1tenth/share/autodrive_f1tenth/hook/pythonpath.ps1'
[1.758s] INFO:colcon.colcon_core.shell:Creating environment descriptor '/home/bubblegum/ros2_ws/install/autodrive_f1tenth/share/autodrive_f1tenth/hook/pythonpath.dsv'
[1.758s] INFO:colcon.colcon_core.shell:Creating environment hook '/home/bubblegum/ros2_ws/install/autodrive_f1tenth/share/autodrive_f1tenth/hook/pythonpath.sh'
[1.759s] Level 1:colcon.colcon_core.environment:checking '/home/bubblegum/ros2_ws/install/autodrive_f1tenth/bin'
[1.759s] Level 1:colcon.colcon_core.environment:create_environment_scripts_only(autodrive_f1tenth)
[1.759s] INFO:colcon.colcon_core.shell:Creating package script '/home/bubblegum/ros2_ws/install/autodrive_f1tenth/share/autodrive_f1tenth/package.ps1'
[1.767s] INFO:colcon.colcon_core.shell:Creating package descriptor '/home/bubblegum/ros2_ws/install/autodrive_f1tenth/share/autodrive_f1tenth/package.dsv'
[1.768s] INFO:colcon.colcon_core.shell:Creating package script '/home/bubblegum/ros2_ws/install/autodrive_f1tenth/share/autodrive_f1tenth/package.sh'
[1.769s] INFO:colcon.colcon_core.shell:Creating package script '/home/bubblegum/ros2_ws/install/autodrive_f1tenth/share/autodrive_f1tenth/package.bash'
[1.769s] INFO:colcon.colcon_core.shell:Creating package script '/home/bubblegum/ros2_ws/install/autodrive_f1tenth/share/autodrive_f1tenth/package.zsh'
[1.770s] Level 1:colcon.colcon_core.environment:create_file_with_runtime_dependencies(/home/bubblegum/ros2_ws/install/autodrive_f1tenth/share/colcon-core/packages/autodrive_f1tenth)
[1.774s] Level 1:colcon.colcon_core.environment:checking '/home/bubblegum/ros2_ws/install/autodrive_nigel' for CMake module files
[1.774s] Level 1:colcon.colcon_core.environment:checking '/home/bubblegum/ros2_ws/install/autodrive_nigel' for CMake config files
[1.777s] DEBUG:colcon.colcon_core.event_handler.log_command:Invoked command in '/home/bubblegum/ros2_ws/src/autodrive_ros2/autodrive_nigel' returned '0': PYTHONPATH=/home/bubblegum/ros2_ws/build/autodrive_nigel/prefix_override:/usr/lib/python3/dist-packages/colcon_core/task/python/colcon_distutils_commands:/home/bubblegum/ros2_ws/install/autodrive_nigel/lib/python3.8/site-packages:${PYTHONPATH} /usr/bin/python3 -W ignore:setup.py install is deprecated -W ignore:easy_install command is deprecated setup.py egg_info --egg-base ../../../build/autodrive_nigel build --build-base /home/bubblegum/ros2_ws/build/autodrive_nigel/build install --record /home/bubblegum/ros2_ws/build/autodrive_nigel/install.log --install-scripts $base/lib/autodrive_nigel --single-version-externally-managed install_data
[1.777s] Level 1:colcon.colcon_core.environment:checking '/home/bubblegum/ros2_ws/install/autodrive_nigel/lib'
[1.778s] Level 1:colcon.colcon_core.environment:checking '/home/bubblegum/ros2_ws/install/autodrive_nigel/bin'
[1.778s] Level 1:colcon.colcon_core.environment:checking '/home/bubblegum/ros2_ws/install/autodrive_nigel/lib/pkgconfig/autodrive_nigel.pc'
[1.778s] Level 1:colcon.colcon_core.environment:checking '/home/bubblegum/ros2_ws/install/autodrive_nigel/lib/python3.8/site-packages'
[1.778s] Level 1:colcon.colcon_core.shell:create_environment_hook('autodrive_nigel', 'pythonpath')
[1.779s] INFO:colcon.colcon_core.shell:Creating environment hook '/home/bubblegum/ros2_ws/install/autodrive_nigel/share/autodrive_nigel/hook/pythonpath.ps1'
[1.780s] INFO:colcon.colcon_core.shell:Creating environment descriptor '/home/bubblegum/ros2_ws/install/autodrive_nigel/share/autodrive_nigel/hook/pythonpath.dsv'
[1.781s] INFO:colcon.colcon_core.shell:Creating environment hook '/home/bubblegum/ros2_ws/install/autodrive_nigel/share/autodrive_nigel/hook/pythonpath.sh'
[1.781s] Level 1:colcon.colcon_core.environment:checking '/home/bubblegum/ros2_ws/install/autodrive_nigel/bin'
[1.782s] Level 1:colcon.colcon_core.environment:create_environment_scripts_only(autodrive_nigel)
[1.782s] INFO:colcon.colcon_core.shell:Creating package script '/home/bubblegum/ros2_ws/install/autodrive_nigel/share/autodrive_nigel/package.ps1'
[1.784s] INFO:colcon.colcon_core.shell:Creating package descriptor '/home/bubblegum/ros2_ws/install/autodrive_nigel/share/autodrive_nigel/package.dsv'
[1.784s] INFO:colcon.colcon_core.shell:Creating package script '/home/bubblegum/ros2_ws/install/autodrive_nigel/share/autodrive_nigel/package.sh'
[1.785s] INFO:colcon.colcon_core.shell:Creating package script '/home/bubblegum/ros2_ws/install/autodrive_nigel/share/autodrive_nigel/package.bash'
[1.786s] INFO:colcon.colcon_core.shell:Creating package script '/home/bubblegum/ros2_ws/install/autodrive_nigel/share/autodrive_nigel/package.zsh'
[1.787s] Level 1:colcon.colcon_core.environment:create_file_with_runtime_dependencies(/home/bubblegum/ros2_ws/install/autodrive_nigel/share/colcon-core/packages/autodrive_nigel)
[1.830s] Level 1:colcon.colcon_core.environment:checking '/home/bubblegum/ros2_ws/install/my_f1tenth_control' for CMake module files
[1.830s] Level 1:colcon.colcon_core.environment:checking '/home/bubblegum/ros2_ws/install/my_f1tenth_control' for CMake config files
[1.846s] DEBUG:colcon.colcon_core.event_handler.log_command:Invoked command in '/home/bubblegum/ros2_ws/src/my_f1tenth_control' returned '0': PYTHONPATH=/home/bubblegum/ros2_ws/build/my_f1tenth_control/prefix_override:/usr/lib/python3/dist-packages/colcon_core/task/python/colcon_distutils_commands:/home/bubblegum/ros2_ws/install/my_f1tenth_control/lib/python3.8/site-packages:${PYTHONPATH} /usr/bin/python3 -W ignore:setup.py install is deprecated -W ignore:easy_install command is deprecated setup.py egg_info --egg-base ../../build/my_f1tenth_control build --build-base /home/bubblegum/ros2_ws/build/my_f1tenth_control/build install --record /home/bubblegum/ros2_ws/build/my_f1tenth_control/install.log --install-scripts $base/lib/my_f1tenth_control --single-version-externally-managed install_data
[1.849s] Level 1:colcon.colcon_core.environment:checking '/home/bubblegum/ros2_ws/install/my_f1tenth_control/lib'
[1.849s] Level 1:colcon.colcon_core.environment:checking '/home/bubblegum/ros2_ws/install/my_f1tenth_control/bin'
[1.849s] Level 1:colcon.colcon_core.environment:checking '/home/bubblegum/ros2_ws/install/my_f1tenth_control/lib/pkgconfig/my_f1tenth_control.pc'
[1.849s] Level 1:colcon.colcon_core.environment:checking '/home/bubblegum/ros2_ws/install/my_f1tenth_control/lib/python3.8/site-packages'
[1.849s] Level 1:colcon.colcon_core.shell:create_environment_hook('my_f1tenth_control', 'pythonpath')
[1.849s] INFO:colcon.colcon_core.shell:Creating environment hook '/home/bubblegum/ros2_ws/install/my_f1tenth_control/share/my_f1tenth_control/hook/pythonpath.ps1'
[1.850s] INFO:colcon.colcon_core.shell:Creating environment descriptor '/home/bubblegum/ros2_ws/install/my_f1tenth_control/share/my_f1tenth_control/hook/pythonpath.dsv'
[1.850s] INFO:colcon.colcon_core.shell:Creating environment hook '/home/bubblegum/ros2_ws/install/my_f1tenth_control/share/my_f1tenth_control/hook/pythonpath.sh'
[1.851s] Level 1:colcon.colcon_core.environment:checking '/home/bubblegum/ros2_ws/install/my_f1tenth_control/bin'
[1.852s] Level 1:colcon.colcon_core.environment:create_environment_scripts_only(my_f1tenth_control)
[1.852s] INFO:colcon.colcon_core.shell:Creating package script '/home/bubblegum/ros2_ws/install/my_f1tenth_control/share/my_f1tenth_control/package.ps1'
[1.853s] INFO:colcon.colcon_core.shell:Creating package descriptor '/home/bubblegum/ros2_ws/install/my_f1tenth_control/share/my_f1tenth_control/package.dsv'
[1.853s] INFO:colcon.colcon_core.shell:Creating package script '/home/bubblegum/ros2_ws/install/my_f1tenth_control/share/my_f1tenth_control/package.sh'
[1.853s] INFO:colcon.colcon_core.shell:Creating package script '/home/bubblegum/ros2_ws/install/my_f1tenth_control/share/my_f1tenth_control/package.bash'
[1.854s] INFO:colcon.colcon_core.shell:Creating package script '/home/bubblegum/ros2_ws/install/my_f1tenth_control/share/my_f1tenth_control/package.zsh'
[1.854s] Level 1:colcon.colcon_core.environment:create_file_with_runtime_dependencies(/home/bubblegum/ros2_ws/install/my_f1tenth_control/share/colcon-core/packages/my_f1tenth_control)
[1.855s] DEBUG:colcon.colcon_parallel_executor.executor.parallel:closing loop
[1.861s] DEBUG:colcon.colcon_parallel_executor.executor.parallel:loop closed
[1.861s] DEBUG:colcon.colcon_parallel_executor.executor.parallel:run_until_complete finished with '0'
[1.861s] DEBUG:colcon.colcon_core.event_reactor:joining thread
[1.867s] INFO:colcon.colcon_core.plugin_system:Skipping extension 'colcon_notification.desktop_notification.terminal_notifier': Not used on non-Darwin systems
[1.868s] INFO:colcon.colcon_core.plugin_system:Skipping extension 'colcon_notification.desktop_notification.win32': Not used on non-Windows systems
[1.868s] INFO:colcon.colcon_notification.desktop_notification:Sending desktop notification using 'notify2'
[1.901s] DEBUG:colcon.colcon_core.event_reactor:joined thread
[1.901s] INFO:colcon.colcon_core.shell:Creating prefix script '/home/bubblegum/ros2_ws/install/local_setup.ps1'
[1.902s] INFO:colcon.colcon_core.shell:Creating prefix util module '/home/bubblegum/ros2_ws/install/_local_setup_util_ps1.py'
[1.903s] INFO:colcon.colcon_core.shell:Creating prefix chain script '/home/bubblegum/ros2_ws/install/setup.ps1'
[1.904s] INFO:colcon.colcon_core.shell:Creating prefix script '/home/bubblegum/ros2_ws/install/local_setup.sh'
[1.905s] INFO:colcon.colcon_core.shell:Creating prefix util module '/home/bubblegum/ros2_ws/install/_local_setup_util_sh.py'
[1.905s] INFO:colcon.colcon_core.shell:Creating prefix chain script '/home/bubblegum/ros2_ws/install/setup.sh'
[1.917s] INFO:colcon.colcon_core.shell:Creating prefix script '/home/bubblegum/ros2_ws/install/local_setup.bash'
[1.917s] INFO:colcon.colcon_core.shell:Creating prefix chain script '/home/bubblegum/ros2_ws/install/setup.bash'
[1.918s] INFO:colcon.colcon_core.shell:Creating prefix script '/home/bubblegum/ros2_ws/install/local_setup.zsh'
[1.918s] INFO:colcon.colcon_core.shell:Creating prefix chain script '/home/bubblegum/ros2_ws/install/setup.zsh'
