[0.574s] Invoking command in '/home/bubblegum/ros2_ws/src/my_f1tenth_control': PS1=(.venv) \[\e]0;\u@\h: \w\a\]${debian_chroot:+($debian_chroot)}\[\033[01;32m\]\u@\h\[\033[00m\]:\[\033[01;34m\]\w\[\033[00m\]\$ PYTHONPATH=/home/bubblegum/ros2_ws/build/my_f1tenth_control/prefix_override:/usr/lib/python3/dist-packages/colcon_core/task/python/colcon_distutils_commands:/home/bubblegum/ros2_ws/install/my_f1tenth_control/lib/python3.8/site-packages:${PYTHONPATH} /usr/bin/python3 -W ignore:setup.py install is deprecated -W ignore:easy_install command is deprecated setup.py egg_info --egg-base ../../build/my_f1tenth_control build --build-base /home/bubblegum/ros2_ws/build/my_f1tenth_control/build install --record /home/bubblegum/ros2_ws/build/my_f1tenth_control/install.log --install-scripts $base/lib/my_f1tenth_control --single-version-externally-managed install_data
[0.689s] running egg_info
[0.689s] writing ../../build/my_f1tenth_control/my_f1tenth_control.egg-info/PKG-INFO
[0.690s] writing dependency_links to ../../build/my_f1tenth_control/my_f1tenth_control.egg-info/dependency_links.txt
[0.690s] writing entry points to ../../build/my_f1tenth_control/my_f1tenth_control.egg-info/entry_points.txt
[0.690s] writing requirements to ../../build/my_f1tenth_control/my_f1tenth_control.egg-info/requires.txt
[0.690s] writing top-level names to ../../build/my_f1tenth_control/my_f1tenth_control.egg-info/top_level.txt
[0.715s] reading manifest file '../../build/my_f1tenth_control/my_f1tenth_control.egg-info/SOURCES.txt'
[0.716s] writing manifest file '../../build/my_f1tenth_control/my_f1tenth_control.egg-info/SOURCES.txt'
[0.716s] running build
[0.716s] running build_py
[0.716s] running install
[0.718s] running install_lib
[0.720s] running install_data
[0.720s] running install_egg_info
[0.720s] removing '/home/bubblegum/ros2_ws/install/my_f1tenth_control/lib/python3.8/site-packages/my_f1tenth_control-0.0.0-py3.8.egg-info' (and everything under it)
[0.720s] Copying ../../build/my_f1tenth_control/my_f1tenth_control.egg-info to /home/bubblegum/ros2_ws/install/my_f1tenth_control/lib/python3.8/site-packages/my_f1tenth_control-0.0.0-py3.8.egg-info
[0.721s] running install_scripts
[0.733s] Installing test_run script to /home/bubblegum/ros2_ws/install/my_f1tenth_control/lib/my_f1tenth_control
[0.733s] writing list of installed files to '/home/bubblegum/ros2_ws/build/my_f1tenth_control/install.log'
[0.753s] Invoked command in '/home/bubblegum/ros2_ws/src/my_f1tenth_control' returned '0': PS1=(.venv) \[\e]0;\u@\h: \w\a\]${debian_chroot:+($debian_chroot)}\[\033[01;32m\]\u@\h\[\033[00m\]:\[\033[01;34m\]\w\[\033[00m\]\$ PYTHONPATH=/home/bubblegum/ros2_ws/build/my_f1tenth_control/prefix_override:/usr/lib/python3/dist-packages/colcon_core/task/python/colcon_distutils_commands:/home/bubblegum/ros2_ws/install/my_f1tenth_control/lib/python3.8/site-packages:${PYTHONPATH} /usr/bin/python3 -W ignore:setup.py install is deprecated -W ignore:easy_install command is deprecated setup.py egg_info --egg-base ../../build/my_f1tenth_control build --build-base /home/bubblegum/ros2_ws/build/my_f1tenth_control/build install --record /home/bubblegum/ros2_ws/build/my_f1tenth_control/install.log --install-scripts $base/lib/my_f1tenth_control --single-version-externally-managed install_data
