[0.674s] Invoking command in '/home/bubblegum/ros2_ws/src/autodrive_ros2/autodrive_nigel': PYTHONPATH=/home/bubblegum/ros2_ws/build/autodrive_nigel/prefix_override:/usr/lib/python3/dist-packages/colcon_core/task/python/colcon_distutils_commands:/home/bubblegum/ros2_ws/install/autodrive_nigel/lib/python3.8/site-packages:${PYTHONPATH} /usr/bin/python3 -W ignore:setup.py install is deprecated -W ignore:easy_install command is deprecated setup.py egg_info --egg-base ../../../build/autodrive_nigel build --build-base /home/bubblegum/ros2_ws/build/autodrive_nigel/build install --record /home/bubblegum/ros2_ws/build/autodrive_nigel/install.log --install-scripts $base/lib/autodrive_nigel --single-version-externally-managed install_data
[0.778s] running egg_info
[0.778s] writing ../../../build/autodrive_nigel/autodrive_nigel.egg-info/PKG-INFO
[0.778s] writing dependency_links to ../../../build/autodrive_nigel/autodrive_nigel.egg-info/dependency_links.txt
[0.778s] writing entry points to ../../../build/autodrive_nigel/autodrive_nigel.egg-info/entry_points.txt
[0.778s] writing requirements to ../../../build/autodrive_nigel/autodrive_nigel.egg-info/requires.txt
[0.779s] writing top-level names to ../../../build/autodrive_nigel/autodrive_nigel.egg-info/top_level.txt
[0.807s] reading manifest file '../../../build/autodrive_nigel/autodrive_nigel.egg-info/SOURCES.txt'
[0.808s] writing manifest file '../../../build/autodrive_nigel/autodrive_nigel.egg-info/SOURCES.txt'
[0.808s] running build
[0.808s] running build_py
[0.809s] running install
[0.809s] running install_lib
[0.810s] running install_data
[0.810s] running install_egg_info
[0.812s] removing '/home/bubblegum/ros2_ws/install/autodrive_nigel/lib/python3.8/site-packages/autodrive_nigel-0.1.0-py3.8.egg-info' (and everything under it)
[0.817s] Copying ../../../build/autodrive_nigel/autodrive_nigel.egg-info to /home/bubblegum/ros2_ws/install/autodrive_nigel/lib/python3.8/site-packages/autodrive_nigel-0.1.0-py3.8.egg-info
[0.819s] running install_scripts
[0.834s] Installing autodrive_incoming_bridge script to /home/bubblegum/ros2_ws/install/autodrive_nigel/lib/autodrive_nigel
[0.834s] Installing autodrive_outgoing_bridge script to /home/bubblegum/ros2_ws/install/autodrive_nigel/lib/autodrive_nigel
[0.835s] Installing teleop_keyboard script to /home/bubblegum/ros2_ws/install/autodrive_nigel/lib/autodrive_nigel
[0.835s] writing list of installed files to '/home/bubblegum/ros2_ws/build/autodrive_nigel/install.log'
[0.863s] Invoked command in '/home/bubblegum/ros2_ws/src/autodrive_ros2/autodrive_nigel' returned '0': PYTHONPATH=/home/bubblegum/ros2_ws/build/autodrive_nigel/prefix_override:/usr/lib/python3/dist-packages/colcon_core/task/python/colcon_distutils_commands:/home/bubblegum/ros2_ws/install/autodrive_nigel/lib/python3.8/site-packages:${PYTHONPATH} /usr/bin/python3 -W ignore:setup.py install is deprecated -W ignore:easy_install command is deprecated setup.py egg_info --egg-base ../../../build/autodrive_nigel build --build-base /home/bubblegum/ros2_ws/build/autodrive_nigel/build install --record /home/bubblegum/ros2_ws/build/autodrive_nigel/install.log --install-scripts $base/lib/autodrive_nigel --single-version-externally-managed install_data
