running egg_info
creating ../../../build/autodrive_nigel/autodrive_nigel.egg-info
writing ../../../build/autodrive_nigel/autodrive_nigel.egg-info/PKG-INFO
writing dependency_links to ../../../build/autodrive_nigel/autodrive_nigel.egg-info/dependency_links.txt
writing entry points to ../../../build/autodrive_nigel/autodrive_nigel.egg-info/entry_points.txt
writing requirements to ../../../build/autodrive_nigel/autodrive_nigel.egg-info/requires.txt
writing top-level names to ../../../build/autodrive_nigel/autodrive_nigel.egg-info/top_level.txt
writing manifest file '../../../build/autodrive_nigel/autodrive_nigel.egg-info/SOURCES.txt'
reading manifest file '../../../build/autodrive_nigel/autodrive_nigel.egg-info/SOURCES.txt'
writing manifest file '../../../build/autodrive_nigel/autodrive_nigel.egg-info/SOURCES.txt'
running build
running build_py
creating /home/bubblegum/ros2_ws/build/autodrive_nigel/build
creating /home/bubblegum/ros2_ws/build/autodrive_nigel/build/lib
creating /home/bubblegum/ros2_ws/build/autodrive_nigel/build/lib/autodrive_nigel
copying autodrive_nigel/autodrive_incoming_bridge.py -> /home/bubblegum/ros2_ws/build/autodrive_nigel/build/lib/autodrive_nigel
copying autodrive_nigel/teleop_keyboard.py -> /home/bubblegum/ros2_ws/build/autodrive_nigel/build/lib/autodrive_nigel
copying autodrive_nigel/__init__.py -> /home/bubblegum/ros2_ws/build/autodrive_nigel/build/lib/autodrive_nigel
copying autodrive_nigel/autodrive_outgoing_bridge.py -> /home/bubblegum/ros2_ws/build/autodrive_nigel/build/lib/autodrive_nigel
copying autodrive_nigel/config.py -> /home/bubblegum/ros2_ws/build/autodrive_nigel/build/lib/autodrive_nigel
running install
running install_lib
creating /home/bubblegum/ros2_ws/install/autodrive_nigel/lib/python3.8/site-packages/autodrive_nigel
copying /home/bubblegum/ros2_ws/build/autodrive_nigel/build/lib/autodrive_nigel/autodrive_incoming_bridge.py -> /home/bubblegum/ros2_ws/install/autodrive_nigel/lib/python3.8/site-packages/autodrive_nigel
copying /home/bubblegum/ros2_ws/build/autodrive_nigel/build/lib/autodrive_nigel/teleop_keyboard.py -> /home/bubblegum/ros2_ws/install/autodrive_nigel/lib/python3.8/site-packages/autodrive_nigel
copying /home/bubblegum/ros2_ws/build/autodrive_nigel/build/lib/autodrive_nigel/__init__.py -> /home/bubblegum/ros2_ws/install/autodrive_nigel/lib/python3.8/site-packages/autodrive_nigel
copying /home/bubblegum/ros2_ws/build/autodrive_nigel/build/lib/autodrive_nigel/autodrive_outgoing_bridge.py -> /home/bubblegum/ros2_ws/install/autodrive_nigel/lib/python3.8/site-packages/autodrive_nigel
copying /home/bubblegum/ros2_ws/build/autodrive_nigel/build/lib/autodrive_nigel/config.py -> /home/bubblegum/ros2_ws/install/autodrive_nigel/lib/python3.8/site-packages/autodrive_nigel
byte-compiling /home/bubblegum/ros2_ws/install/autodrive_nigel/lib/python3.8/site-packages/autodrive_nigel/autodrive_incoming_bridge.py to autodrive_incoming_bridge.cpython-38.pyc
byte-compiling /home/bubblegum/ros2_ws/install/autodrive_nigel/lib/python3.8/site-packages/autodrive_nigel/teleop_keyboard.py to teleop_keyboard.cpython-38.pyc
byte-compiling /home/bubblegum/ros2_ws/install/autodrive_nigel/lib/python3.8/site-packages/autodrive_nigel/__init__.py to __init__.cpython-38.pyc
byte-compiling /home/bubblegum/ros2_ws/install/autodrive_nigel/lib/python3.8/site-packages/autodrive_nigel/autodrive_outgoing_bridge.py to autodrive_outgoing_bridge.cpython-38.pyc
byte-compiling /home/bubblegum/ros2_ws/install/autodrive_nigel/lib/python3.8/site-packages/autodrive_nigel/config.py to config.cpython-38.pyc
running install_data
creating /home/bubblegum/ros2_ws/install/autodrive_nigel/share/ament_index
creating /home/bubblegum/ros2_ws/install/autodrive_nigel/share/ament_index/resource_index
creating /home/bubblegum/ros2_ws/install/autodrive_nigel/share/ament_index/resource_index/packages
copying resource/autodrive_nigel -> /home/bubblegum/ros2_ws/install/autodrive_nigel/share/ament_index/resource_index/packages
copying package.xml -> /home/bubblegum/ros2_ws/install/autodrive_nigel/share/autodrive_nigel
creating /home/bubblegum/ros2_ws/install/autodrive_nigel/share/autodrive_nigel/launch
creating /home/bubblegum/ros2_ws/install/autodrive_nigel/share/autodrive_nigel/launch/simulator
copying launch/simulator/simulator_bringup_headless.launch.py -> /home/bubblegum/ros2_ws/install/autodrive_nigel/share/autodrive_nigel/launch/simulator
copying launch/simulator/simulator_bringup_rviz.launch.py -> /home/bubblegum/ros2_ws/install/autodrive_nigel/share/autodrive_nigel/launch/simulator
creating /home/bubblegum/ros2_ws/install/autodrive_nigel/share/autodrive_nigel/launch/testbed
creating /home/bubblegum/ros2_ws/install/autodrive_nigel/share/autodrive_nigel/rviz
creating /home/bubblegum/ros2_ws/install/autodrive_nigel/share/autodrive_nigel/rviz/simulator
copying rviz/simulator/simulator.rviz -> /home/bubblegum/ros2_ws/install/autodrive_nigel/share/autodrive_nigel/rviz/simulator
creating /home/bubblegum/ros2_ws/install/autodrive_nigel/share/autodrive_nigel/rviz/testbed
running install_egg_info
Copying ../../../build/autodrive_nigel/autodrive_nigel.egg-info to /home/bubblegum/ros2_ws/install/autodrive_nigel/lib/python3.8/site-packages/autodrive_nigel-0.1.0-py3.8.egg-info
running install_scripts
Installing autodrive_incoming_bridge script to /home/bubblegum/ros2_ws/install/autodrive_nigel/lib/autodrive_nigel
Installing autodrive_outgoing_bridge script to /home/bubblegum/ros2_ws/install/autodrive_nigel/lib/autodrive_nigel
Installing teleop_keyboard script to /home/bubblegum/ros2_ws/install/autodrive_nigel/lib/autodrive_nigel
writing list of installed files to '/home/bubblegum/ros2_ws/build/autodrive_nigel/install.log'
