[0.487s] Invoking command in '/home/bubblegum/ros2_ws/src/autodrive_ros2/autodrive_nigel': PS1=(.venv) \[\e]0;\u@\h: \w\a\]${debian_chroot:+($debian_chroot)}\[\033[01;32m\]\u@\h\[\033[00m\]:\[\033[01;34m\]\w\[\033[00m\]\$ PYTHONPATH=/home/bubblegum/ros2_ws/build/autodrive_nigel/prefix_override:/usr/lib/python3/dist-packages/colcon_core/task/python/colcon_distutils_commands:/home/bubblegum/ros2_ws/install/autodrive_nigel/lib/python3.8/site-packages:${PYTHONPATH} /usr/bin/python3 -W ignore:setup.py install is deprecated -W ignore:easy_install command is deprecated setup.py egg_info --egg-base ../../../build/autodrive_nigel build --build-base /home/bubblegum/ros2_ws/build/autodrive_nigel/build install --record /home/bubblegum/ros2_ws/build/autodrive_nigel/install.log --install-scripts $base/lib/autodrive_nigel --single-version-externally-managed install_data
[0.584s] running egg_info
[0.584s] creating ../../../build/autodrive_nigel/autodrive_nigel.egg-info
[0.585s] writing ../../../build/autodrive_nigel/autodrive_nigel.egg-info/PKG-INFO
[0.585s] writing dependency_links to ../../../build/autodrive_nigel/autodrive_nigel.egg-info/dependency_links.txt
[0.585s] writing entry points to ../../../build/autodrive_nigel/autodrive_nigel.egg-info/entry_points.txt
[0.585s] writing requirements to ../../../build/autodrive_nigel/autodrive_nigel.egg-info/requires.txt
[0.585s] writing top-level names to ../../../build/autodrive_nigel/autodrive_nigel.egg-info/top_level.txt
[0.586s] writing manifest file '../../../build/autodrive_nigel/autodrive_nigel.egg-info/SOURCES.txt'
[0.601s] reading manifest file '../../../build/autodrive_nigel/autodrive_nigel.egg-info/SOURCES.txt'
[0.602s] writing manifest file '../../../build/autodrive_nigel/autodrive_nigel.egg-info/SOURCES.txt'
[0.602s] running build
[0.602s] running build_py
[0.602s] creating /home/bubblegum/ros2_ws/build/autodrive_nigel/build
[0.602s] creating /home/bubblegum/ros2_ws/build/autodrive_nigel/build/lib
[0.602s] creating /home/bubblegum/ros2_ws/build/autodrive_nigel/build/lib/autodrive_nigel
[0.602s] copying autodrive_nigel/autodrive_incoming_bridge.py -> /home/bubblegum/ros2_ws/build/autodrive_nigel/build/lib/autodrive_nigel
[0.603s] copying autodrive_nigel/teleop_keyboard.py -> /home/bubblegum/ros2_ws/build/autodrive_nigel/build/lib/autodrive_nigel
[0.603s] copying autodrive_nigel/__init__.py -> /home/bubblegum/ros2_ws/build/autodrive_nigel/build/lib/autodrive_nigel
[0.603s] copying autodrive_nigel/autodrive_outgoing_bridge.py -> /home/bubblegum/ros2_ws/build/autodrive_nigel/build/lib/autodrive_nigel
[0.603s] copying autodrive_nigel/config.py -> /home/bubblegum/ros2_ws/build/autodrive_nigel/build/lib/autodrive_nigel
[0.603s] running install
[0.604s] running install_lib
[0.604s] creating /home/bubblegum/ros2_ws/install/autodrive_nigel/lib/python3.8/site-packages/autodrive_nigel
[0.604s] copying /home/bubblegum/ros2_ws/build/autodrive_nigel/build/lib/autodrive_nigel/autodrive_incoming_bridge.py -> /home/bubblegum/ros2_ws/install/autodrive_nigel/lib/python3.8/site-packages/autodrive_nigel
[0.605s] copying /home/bubblegum/ros2_ws/build/autodrive_nigel/build/lib/autodrive_nigel/teleop_keyboard.py -> /home/bubblegum/ros2_ws/install/autodrive_nigel/lib/python3.8/site-packages/autodrive_nigel
[0.605s] copying /home/bubblegum/ros2_ws/build/autodrive_nigel/build/lib/autodrive_nigel/__init__.py -> /home/bubblegum/ros2_ws/install/autodrive_nigel/lib/python3.8/site-packages/autodrive_nigel
[0.605s] copying /home/bubblegum/ros2_ws/build/autodrive_nigel/build/lib/autodrive_nigel/autodrive_outgoing_bridge.py -> /home/bubblegum/ros2_ws/install/autodrive_nigel/lib/python3.8/site-packages/autodrive_nigel
[0.605s] copying /home/bubblegum/ros2_ws/build/autodrive_nigel/build/lib/autodrive_nigel/config.py -> /home/bubblegum/ros2_ws/install/autodrive_nigel/lib/python3.8/site-packages/autodrive_nigel
[0.605s] byte-compiling /home/bubblegum/ros2_ws/install/autodrive_nigel/lib/python3.8/site-packages/autodrive_nigel/autodrive_incoming_bridge.py to autodrive_incoming_bridge.cpython-38.pyc
[0.608s] byte-compiling /home/bubblegum/ros2_ws/install/autodrive_nigel/lib/python3.8/site-packages/autodrive_nigel/teleop_keyboard.py to teleop_keyboard.cpython-38.pyc
[0.608s] byte-compiling /home/bubblegum/ros2_ws/install/autodrive_nigel/lib/python3.8/site-packages/autodrive_nigel/__init__.py to __init__.cpython-38.pyc
[0.608s] byte-compiling /home/bubblegum/ros2_ws/install/autodrive_nigel/lib/python3.8/site-packages/autodrive_nigel/autodrive_outgoing_bridge.py to autodrive_outgoing_bridge.cpython-38.pyc
[0.609s] byte-compiling /home/bubblegum/ros2_ws/install/autodrive_nigel/lib/python3.8/site-packages/autodrive_nigel/config.py to config.cpython-38.pyc
[0.609s] running install_data
[0.609s] creating /home/bubblegum/ros2_ws/install/autodrive_nigel/share/ament_index
[0.609s] creating /home/bubblegum/ros2_ws/install/autodrive_nigel/share/ament_index/resource_index
[0.609s] creating /home/bubblegum/ros2_ws/install/autodrive_nigel/share/ament_index/resource_index/packages
[0.609s] copying resource/autodrive_nigel -> /home/bubblegum/ros2_ws/install/autodrive_nigel/share/ament_index/resource_index/packages
[0.610s] copying package.xml -> /home/bubblegum/ros2_ws/install/autodrive_nigel/share/autodrive_nigel
[0.610s] creating /home/bubblegum/ros2_ws/install/autodrive_nigel/share/autodrive_nigel/launch
[0.610s] creating /home/bubblegum/ros2_ws/install/autodrive_nigel/share/autodrive_nigel/launch/simulator
[0.610s] copying launch/simulator/simulator_bringup_headless.launch.py -> /home/bubblegum/ros2_ws/install/autodrive_nigel/share/autodrive_nigel/launch/simulator
[0.610s] copying launch/simulator/simulator_bringup_rviz.launch.py -> /home/bubblegum/ros2_ws/install/autodrive_nigel/share/autodrive_nigel/launch/simulator
[0.610s] creating /home/bubblegum/ros2_ws/install/autodrive_nigel/share/autodrive_nigel/launch/testbed
[0.610s] creating /home/bubblegum/ros2_ws/install/autodrive_nigel/share/autodrive_nigel/rviz
[0.610s] creating /home/bubblegum/ros2_ws/install/autodrive_nigel/share/autodrive_nigel/rviz/simulator
[0.610s] copying rviz/simulator/simulator.rviz -> /home/bubblegum/ros2_ws/install/autodrive_nigel/share/autodrive_nigel/rviz/simulator
[0.610s] creating /home/bubblegum/ros2_ws/install/autodrive_nigel/share/autodrive_nigel/rviz/testbed
[0.610s] running install_egg_info
[0.611s] Copying ../../../build/autodrive_nigel/autodrive_nigel.egg-info to /home/bubblegum/ros2_ws/install/autodrive_nigel/lib/python3.8/site-packages/autodrive_nigel-0.1.0-py3.8.egg-info
[0.611s] running install_scripts
[0.620s] Installing autodrive_incoming_bridge script to /home/bubblegum/ros2_ws/install/autodrive_nigel/lib/autodrive_nigel
[0.620s] Installing autodrive_outgoing_bridge script to /home/bubblegum/ros2_ws/install/autodrive_nigel/lib/autodrive_nigel
[0.620s] Installing teleop_keyboard script to /home/bubblegum/ros2_ws/install/autodrive_nigel/lib/autodrive_nigel
[0.621s] writing list of installed files to '/home/bubblegum/ros2_ws/build/autodrive_nigel/install.log'
[0.634s] Invoked command in '/home/bubblegum/ros2_ws/src/autodrive_ros2/autodrive_nigel' returned '0': PS1=(.venv) \[\e]0;\u@\h: \w\a\]${debian_chroot:+($debian_chroot)}\[\033[01;32m\]\u@\h\[\033[00m\]:\[\033[01;34m\]\w\[\033[00m\]\$ PYTHONPATH=/home/bubblegum/ros2_ws/build/autodrive_nigel/prefix_override:/usr/lib/python3/dist-packages/colcon_core/task/python/colcon_distutils_commands:/home/bubblegum/ros2_ws/install/autodrive_nigel/lib/python3.8/site-packages:${PYTHONPATH} /usr/bin/python3 -W ignore:setup.py install is deprecated -W ignore:easy_install command is deprecated setup.py egg_info --egg-base ../../../build/autodrive_nigel build --build-base /home/bubblegum/ros2_ws/build/autodrive_nigel/build install --record /home/bubblegum/ros2_ws/build/autodrive_nigel/install.log --install-scripts $base/lib/autodrive_nigel --single-version-externally-managed install_data
