running egg_info
writing ../../../build/autodrive_f1tenth/autodrive_f1tenth.egg-info/PKG-INFO
writing dependency_links to ../../../build/autodrive_f1tenth/autodrive_f1tenth.egg-info/dependency_links.txt
writing entry points to ../../../build/autodrive_f1tenth/autodrive_f1tenth.egg-info/entry_points.txt
writing requirements to ../../../build/autodrive_f1tenth/autodrive_f1tenth.egg-info/requires.txt
writing top-level names to ../../../build/autodrive_f1tenth/autodrive_f1tenth.egg-info/top_level.txt
reading manifest file '../../../build/autodrive_f1tenth/autodrive_f1tenth.egg-info/SOURCES.txt'
writing manifest file '../../../build/autodrive_f1tenth/autodrive_f1tenth.egg-info/SOURCES.txt'
running build
running build_py
running install
running install_lib
running install_data
running install_egg_info
removing '/home/bubblegum/ros2_ws/install/autodrive_f1tenth/lib/python3.8/site-packages/autodrive_f1tenth-0.1.0-py3.8.egg-info' (and everything under it)
Copying ../../../build/autodrive_f1tenth/autodrive_f1tenth.egg-info to /home/bubblegum/ros2_ws/install/autodrive_f1tenth/lib/python3.8/site-packages/autodrive_f1tenth-0.1.0-py3.8.egg-info
running install_scripts
Installing autodrive_incoming_bridge script to /home/bubblegum/ros2_ws/install/autodrive_f1tenth/lib/autodrive_f1tenth
Installing autodrive_outgoing_bridge script to /home/bubblegum/ros2_ws/install/autodrive_f1tenth/lib/autodrive_f1tenth
Installing teleop_keyboard script to /home/bubblegum/ros2_ws/install/autodrive_f1tenth/lib/autodrive_f1tenth
writing list of installed files to '/home/bubblegum/ros2_ws/build/autodrive_f1tenth/install.log'
