[1.282s] Invoking command in '/home/bubblegum/ros2_ws/src/autodrive_ros2/autodrive_f1tenth': PYTHONPATH=/home/bubblegum/ros2_ws/build/autodrive_f1tenth/prefix_override:/usr/lib/python3/dist-packages/colcon_core/task/python/colcon_distutils_commands:/home/bubblegum/ros2_ws/install/autodrive_f1tenth/lib/python3.8/site-packages:${PYTHONPATH} /usr/bin/python3 -W ignore:setup.py install is deprecated -W ignore:easy_install command is deprecated setup.py egg_info --egg-base ../../../build/autodrive_f1tenth build --build-base /home/bubblegum/ros2_ws/build/autodrive_f1tenth/build install --record /home/bubblegum/ros2_ws/build/autodrive_f1tenth/install.log --install-scripts $base/lib/autodrive_f1tenth --single-version-externally-managed install_data
[1.509s] running egg_info
[1.509s] writing ../../../build/autodrive_f1tenth/autodrive_f1tenth.egg-info/PKG-INFO
[1.509s] writing dependency_links to ../../../build/autodrive_f1tenth/autodrive_f1tenth.egg-info/dependency_links.txt
[1.509s] writing entry points to ../../../build/autodrive_f1tenth/autodrive_f1tenth.egg-info/entry_points.txt
[1.510s] writing requirements to ../../../build/autodrive_f1tenth/autodrive_f1tenth.egg-info/requires.txt
[1.510s] writing top-level names to ../../../build/autodrive_f1tenth/autodrive_f1tenth.egg-info/top_level.txt
[1.560s] reading manifest file '../../../build/autodrive_f1tenth/autodrive_f1tenth.egg-info/SOURCES.txt'
[1.561s] writing manifest file '../../../build/autodrive_f1tenth/autodrive_f1tenth.egg-info/SOURCES.txt'
[1.562s] running build
[1.562s] running build_py
[1.563s] running install
[1.563s] running install_lib
[1.564s] running install_data
[1.565s] running install_egg_info
[1.567s] removing '/home/bubblegum/ros2_ws/install/autodrive_f1tenth/lib/python3.8/site-packages/autodrive_f1tenth-0.1.0-py3.8.egg-info' (and everything under it)
[1.567s] Copying ../../../build/autodrive_f1tenth/autodrive_f1tenth.egg-info to /home/bubblegum/ros2_ws/install/autodrive_f1tenth/lib/python3.8/site-packages/autodrive_f1tenth-0.1.0-py3.8.egg-info
[1.569s] running install_scripts
[1.597s] Installing autodrive_incoming_bridge script to /home/bubblegum/ros2_ws/install/autodrive_f1tenth/lib/autodrive_f1tenth
[1.597s] Installing autodrive_outgoing_bridge script to /home/bubblegum/ros2_ws/install/autodrive_f1tenth/lib/autodrive_f1tenth
[1.598s] Installing teleop_keyboard script to /home/bubblegum/ros2_ws/install/autodrive_f1tenth/lib/autodrive_f1tenth
[1.598s] writing list of installed files to '/home/bubblegum/ros2_ws/build/autodrive_f1tenth/install.log'
[1.663s] Invoked command in '/home/bubblegum/ros2_ws/src/autodrive_ros2/autodrive_f1tenth' returned '0': PYTHONPATH=/home/bubblegum/ros2_ws/build/autodrive_f1tenth/prefix_override:/usr/lib/python3/dist-packages/colcon_core/task/python/colcon_distutils_commands:/home/bubblegum/ros2_ws/install/autodrive_f1tenth/lib/python3.8/site-packages:${PYTHONPATH} /usr/bin/python3 -W ignore:setup.py install is deprecated -W ignore:easy_install command is deprecated setup.py egg_info --egg-base ../../../build/autodrive_f1tenth build --build-base /home/bubblegum/ros2_ws/build/autodrive_f1tenth/build install --record /home/bubblegum/ros2_ws/build/autodrive_f1tenth/install.log --install-scripts $base/lib/autodrive_f1tenth --single-version-externally-managed install_data
