running egg_info
creating ../../build/my_f1tenth_control/my_f1tenth_control.egg-info
writing ../../build/my_f1tenth_control/my_f1tenth_control.egg-info/PKG-INFO
writing dependency_links to ../../build/my_f1tenth_control/my_f1tenth_control.egg-info/dependency_links.txt
writing entry points to ../../build/my_f1tenth_control/my_f1tenth_control.egg-info/entry_points.txt
writing requirements to ../../build/my_f1tenth_control/my_f1tenth_control.egg-info/requires.txt
writing top-level names to ../../build/my_f1tenth_control/my_f1tenth_control.egg-info/top_level.txt
writing manifest file '../../build/my_f1tenth_control/my_f1tenth_control.egg-info/SOURCES.txt'
reading manifest file '../../build/my_f1tenth_control/my_f1tenth_control.egg-info/SOURCES.txt'
writing manifest file '../../build/my_f1tenth_control/my_f1tenth_control.egg-info/SOURCES.txt'
running build
running build_py
creating /home/bubblegum/ros2_ws/build/my_f1tenth_control/build
creating /home/bubblegum/ros2_ws/build/my_f1tenth_control/build/lib
creating /home/bubblegum/ros2_ws/build/my_f1tenth_control/build/lib/my_f1tenth_control
copying my_f1tenth_control/__init__.py -> /home/bubblegum/ros2_ws/build/my_f1tenth_control/build/lib/my_f1tenth_control
copying my_f1tenth_control/test_drive.py -> /home/bubblegum/ros2_ws/build/my_f1tenth_control/build/lib/my_f1tenth_control
running install
running install_lib
creating /home/bubblegum/ros2_ws/install/my_f1tenth_control/lib/python3.8/site-packages/my_f1tenth_control
copying /home/bubblegum/ros2_ws/build/my_f1tenth_control/build/lib/my_f1tenth_control/__init__.py -> /home/bubblegum/ros2_ws/install/my_f1tenth_control/lib/python3.8/site-packages/my_f1tenth_control
copying /home/bubblegum/ros2_ws/build/my_f1tenth_control/build/lib/my_f1tenth_control/test_drive.py -> /home/bubblegum/ros2_ws/install/my_f1tenth_control/lib/python3.8/site-packages/my_f1tenth_control
byte-compiling /home/bubblegum/ros2_ws/install/my_f1tenth_control/lib/python3.8/site-packages/my_f1tenth_control/__init__.py to __init__.cpython-38.pyc
byte-compiling /home/bubblegum/ros2_ws/install/my_f1tenth_control/lib/python3.8/site-packages/my_f1tenth_control/test_drive.py to test_drive.cpython-38.pyc
running install_data
creating /home/bubblegum/ros2_ws/install/my_f1tenth_control/share/ament_index
creating /home/bubblegum/ros2_ws/install/my_f1tenth_control/share/ament_index/resource_index
creating /home/bubblegum/ros2_ws/install/my_f1tenth_control/share/ament_index/resource_index/packages
copying resource/my_f1tenth_control -> /home/bubblegum/ros2_ws/install/my_f1tenth_control/share/ament_index/resource_index/packages
copying package.xml -> /home/bubblegum/ros2_ws/install/my_f1tenth_control/share/my_f1tenth_control
running install_egg_info
Copying ../../build/my_f1tenth_control/my_f1tenth_control.egg-info to /home/bubblegum/ros2_ws/install/my_f1tenth_control/lib/python3.8/site-packages/my_f1tenth_control-0.0.0-py3.8.egg-info
running install_scripts
Installing test_run script to /home/bubblegum/ros2_ws/install/my_f1tenth_control/lib/my_f1tenth_control
writing list of installed files to '/home/bubblegum/ros2_ws/build/my_f1tenth_control/install.log'
