[0.646s] Invoking command in '/home/bubblegum/ros2_ws/src/my_f1tenth_control': PYTHONPATH=/home/bubblegum/ros2_ws/build/my_f1tenth_control/prefix_override:/usr/lib/python3/dist-packages/colcon_core/task/python/colcon_distutils_commands:/home/bubblegum/ros2_ws/install/my_f1tenth_control/lib/python3.8/site-packages:${PYTHONPATH} /usr/bin/python3 -W ignore:setup.py install is deprecated -W ignore:easy_install command is deprecated setup.py egg_info --egg-base ../../build/my_f1tenth_control build --build-base /home/bubblegum/ros2_ws/build/my_f1tenth_control/build install --record /home/bubblegum/ros2_ws/build/my_f1tenth_control/install.log --install-scripts $base/lib/my_f1tenth_control --single-version-externally-managed install_data
[0.759s] running egg_info
[0.760s] creating ../../build/my_f1tenth_control/my_f1tenth_control.egg-info
[0.760s] writing ../../build/my_f1tenth_control/my_f1tenth_control.egg-info/PKG-INFO
[0.760s] writing dependency_links to ../../build/my_f1tenth_control/my_f1tenth_control.egg-info/dependency_links.txt
[0.760s] writing entry points to ../../build/my_f1tenth_control/my_f1tenth_control.egg-info/entry_points.txt
[0.761s] writing requirements to ../../build/my_f1tenth_control/my_f1tenth_control.egg-info/requires.txt
[0.761s] writing top-level names to ../../build/my_f1tenth_control/my_f1tenth_control.egg-info/top_level.txt
[0.761s] writing manifest file '../../build/my_f1tenth_control/my_f1tenth_control.egg-info/SOURCES.txt'
[0.781s] reading manifest file '../../build/my_f1tenth_control/my_f1tenth_control.egg-info/SOURCES.txt'
[0.781s] writing manifest file '../../build/my_f1tenth_control/my_f1tenth_control.egg-info/SOURCES.txt'
[0.782s] running build
[0.782s] running build_py
[0.782s] creating /home/bubblegum/ros2_ws/build/my_f1tenth_control/build
[0.782s] creating /home/bubblegum/ros2_ws/build/my_f1tenth_control/build/lib
[0.782s] creating /home/bubblegum/ros2_ws/build/my_f1tenth_control/build/lib/my_f1tenth_control
[0.782s] copying my_f1tenth_control/__init__.py -> /home/bubblegum/ros2_ws/build/my_f1tenth_control/build/lib/my_f1tenth_control
[0.782s] copying my_f1tenth_control/test_drive.py -> /home/bubblegum/ros2_ws/build/my_f1tenth_control/build/lib/my_f1tenth_control
[0.782s] running install
[0.785s] running install_lib
[0.796s] creating /home/bubblegum/ros2_ws/install/my_f1tenth_control/lib/python3.8/site-packages/my_f1tenth_control
[0.796s] copying /home/bubblegum/ros2_ws/build/my_f1tenth_control/build/lib/my_f1tenth_control/__init__.py -> /home/bubblegum/ros2_ws/install/my_f1tenth_control/lib/python3.8/site-packages/my_f1tenth_control
[0.796s] copying /home/bubblegum/ros2_ws/build/my_f1tenth_control/build/lib/my_f1tenth_control/test_drive.py -> /home/bubblegum/ros2_ws/install/my_f1tenth_control/lib/python3.8/site-packages/my_f1tenth_control
[0.796s] byte-compiling /home/bubblegum/ros2_ws/install/my_f1tenth_control/lib/python3.8/site-packages/my_f1tenth_control/__init__.py to __init__.cpython-38.pyc
[0.796s] byte-compiling /home/bubblegum/ros2_ws/install/my_f1tenth_control/lib/python3.8/site-packages/my_f1tenth_control/test_drive.py to test_drive.cpython-38.pyc
[0.796s] running install_data
[0.796s] creating /home/bubblegum/ros2_ws/install/my_f1tenth_control/share/ament_index
[0.796s] creating /home/bubblegum/ros2_ws/install/my_f1tenth_control/share/ament_index/resource_index
[0.796s] creating /home/bubblegum/ros2_ws/install/my_f1tenth_control/share/ament_index/resource_index/packages
[0.796s] copying resource/my_f1tenth_control -> /home/bubblegum/ros2_ws/install/my_f1tenth_control/share/ament_index/resource_index/packages
[0.796s] copying package.xml -> /home/bubblegum/ros2_ws/install/my_f1tenth_control/share/my_f1tenth_control
[0.796s] running install_egg_info
[0.796s] Copying ../../build/my_f1tenth_control/my_f1tenth_control.egg-info to /home/bubblegum/ros2_ws/install/my_f1tenth_control/lib/python3.8/site-packages/my_f1tenth_control-0.0.0-py3.8.egg-info
[0.797s] running install_scripts
[0.804s] Installing test_run script to /home/bubblegum/ros2_ws/install/my_f1tenth_control/lib/my_f1tenth_control
[0.804s] writing list of installed files to '/home/bubblegum/ros2_ws/build/my_f1tenth_control/install.log'
[0.832s] Invoked command in '/home/bubblegum/ros2_ws/src/my_f1tenth_control' returned '0': PYTHONPATH=/home/bubblegum/ros2_ws/build/my_f1tenth_control/prefix_override:/usr/lib/python3/dist-packages/colcon_core/task/python/colcon_distutils_commands:/home/bubblegum/ros2_ws/install/my_f1tenth_control/lib/python3.8/site-packages:${PYTHONPATH} /usr/bin/python3 -W ignore:setup.py install is deprecated -W ignore:easy_install command is deprecated setup.py egg_info --egg-base ../../build/my_f1tenth_control build --build-base /home/bubblegum/ros2_ws/build/my_f1tenth_control/build install --record /home/bubblegum/ros2_ws/build/my_f1tenth_control/install.log --install-scripts $base/lib/my_f1tenth_control --single-version-externally-managed install_data
