/home/bubblegum/ros2_ws/install/my_f1tenth_control/lib/python3.8/site-packages/my_f1tenth_control/image_saver.py
/home/bubblegum/ros2_ws/install/my_f1tenth_control/lib/python3.8/site-packages/my_f1tenth_control/__init__.py
/home/bubblegum/ros2_ws/install/my_f1tenth_control/lib/python3.8/site-packages/my_f1tenth_control/test_drive.py
/home/bubblegum/ros2_ws/install/my_f1tenth_control/lib/python3.8/site-packages/my_f1tenth_control/f1tenth_init.py
/home/bubblegum/ros2_ws/install/my_f1tenth_control/lib/python3.8/site-packages/my_f1tenth_control/f1tenth_vlm_control.py
/home/bubblegum/ros2_ws/install/my_f1tenth_control/lib/python3.8/site-packages/my_f1tenth_control/__pycache__/image_saver.cpython-38.pyc
/home/bubblegum/ros2_ws/install/my_f1tenth_control/lib/python3.8/site-packages/my_f1tenth_control/__pycache__/__init__.cpython-38.pyc
/home/bubblegum/ros2_ws/install/my_f1tenth_control/lib/python3.8/site-packages/my_f1tenth_control/__pycache__/test_drive.cpython-38.pyc
/home/bubblegum/ros2_ws/install/my_f1tenth_control/lib/python3.8/site-packages/my_f1tenth_control/__pycache__/f1tenth_init.cpython-38.pyc
/home/bubblegum/ros2_ws/install/my_f1tenth_control/lib/python3.8/site-packages/my_f1tenth_control/__pycache__/f1tenth_vlm_control.cpython-38.pyc
/home/bubblegum/ros2_ws/install/my_f1tenth_control/share/ament_index/resource_index/packages/my_f1tenth_control
/home/bubblegum/ros2_ws/install/my_f1tenth_control/share/my_f1tenth_control/package.xml
/home/bubblegum/ros2_ws/install/my_f1tenth_control/lib/python3.8/site-packages/my_f1tenth_control-0.0.0-py3.8.egg-info/PKG-INFO
/home/bubblegum/ros2_ws/install/my_f1tenth_control/lib/python3.8/site-packages/my_f1tenth_control-0.0.0-py3.8.egg-info/zip-safe
/home/bubblegum/ros2_ws/install/my_f1tenth_control/lib/python3.8/site-packages/my_f1tenth_control-0.0.0-py3.8.egg-info/SOURCES.txt
/home/bubblegum/ros2_ws/install/my_f1tenth_control/lib/python3.8/site-packages/my_f1tenth_control-0.0.0-py3.8.egg-info/top_level.txt
/home/bubblegum/ros2_ws/install/my_f1tenth_control/lib/python3.8/site-packages/my_f1tenth_control-0.0.0-py3.8.egg-info/requires.txt
/home/bubblegum/ros2_ws/install/my_f1tenth_control/lib/python3.8/site-packages/my_f1tenth_control-0.0.0-py3.8.egg-info/entry_points.txt
/home/bubblegum/ros2_ws/install/my_f1tenth_control/lib/python3.8/site-packages/my_f1tenth_control-0.0.0-py3.8.egg-info/dependency_links.txt
/home/bubblegum/ros2_ws/install/my_f1tenth_control/lib/my_f1tenth_control/f1tenth_init
/home/bubblegum/ros2_ws/install/my_f1tenth_control/lib/my_f1tenth_control/f1tenth_vlm_control
/home/bubblegum/ros2_ws/install/my_f1tenth_control/lib/my_f1tenth_control/image_saver
/home/bubblegum/ros2_ws/install/my_f1tenth_control/lib/my_f1tenth_control/test_run
