/home/bubblegum/ros2_ws/install/autodrive_nigel/lib/python3.8/site-packages/autodrive_nigel/autodrive_incoming_bridge.py
/home/bubblegum/ros2_ws/install/autodrive_nigel/lib/python3.8/site-packages/autodrive_nigel/teleop_keyboard.py
/home/bubblegum/ros2_ws/install/autodrive_nigel/lib/python3.8/site-packages/autodrive_nigel/__init__.py
/home/bubblegum/ros2_ws/install/autodrive_nigel/lib/python3.8/site-packages/autodrive_nigel/autodrive_outgoing_bridge.py
/home/bubblegum/ros2_ws/install/autodrive_nigel/lib/python3.8/site-packages/autodrive_nigel/config.py
/home/bubblegum/ros2_ws/install/autodrive_nigel/lib/python3.8/site-packages/autodrive_nigel/__pycache__/autodrive_incoming_bridge.cpython-38.pyc
/home/bubblegum/ros2_ws/install/autodrive_nigel/lib/python3.8/site-packages/autodrive_nigel/__pycache__/teleop_keyboard.cpython-38.pyc
/home/bubblegum/ros2_ws/install/autodrive_nigel/lib/python3.8/site-packages/autodrive_nigel/__pycache__/__init__.cpython-38.pyc
/home/bubblegum/ros2_ws/install/autodrive_nigel/lib/python3.8/site-packages/autodrive_nigel/__pycache__/autodrive_outgoing_bridge.cpython-38.pyc
/home/bubblegum/ros2_ws/install/autodrive_nigel/lib/python3.8/site-packages/autodrive_nigel/__pycache__/config.cpython-38.pyc
/home/bubblegum/ros2_ws/install/autodrive_nigel/share/ament_index/resource_index/packages/autodrive_nigel
/home/bubblegum/ros2_ws/install/autodrive_nigel/share/autodrive_nigel/package.xml
/home/bubblegum/ros2_ws/install/autodrive_nigel/share/autodrive_nigel/launch/simulator/simulator_bringup_headless.launch.py
/home/bubblegum/ros2_ws/install/autodrive_nigel/share/autodrive_nigel/launch/simulator/simulator_bringup_rviz.launch.py
/home/bubblegum/ros2_ws/install/autodrive_nigel/share/autodrive_nigel/launch/testbed
/home/bubblegum/ros2_ws/install/autodrive_nigel/share/autodrive_nigel/rviz/simulator/simulator.rviz
/home/bubblegum/ros2_ws/install/autodrive_nigel/share/autodrive_nigel/rviz/testbed
/home/bubblegum/ros2_ws/install/autodrive_nigel/lib/python3.8/site-packages/autodrive_nigel-0.1.0-py3.8.egg-info/PKG-INFO
/home/bubblegum/ros2_ws/install/autodrive_nigel/lib/python3.8/site-packages/autodrive_nigel-0.1.0-py3.8.egg-info/zip-safe
/home/bubblegum/ros2_ws/install/autodrive_nigel/lib/python3.8/site-packages/autodrive_nigel-0.1.0-py3.8.egg-info/SOURCES.txt
/home/bubblegum/ros2_ws/install/autodrive_nigel/lib/python3.8/site-packages/autodrive_nigel-0.1.0-py3.8.egg-info/top_level.txt
/home/bubblegum/ros2_ws/install/autodrive_nigel/lib/python3.8/site-packages/autodrive_nigel-0.1.0-py3.8.egg-info/requires.txt
/home/bubblegum/ros2_ws/install/autodrive_nigel/lib/python3.8/site-packages/autodrive_nigel-0.1.0-py3.8.egg-info/entry_points.txt
/home/bubblegum/ros2_ws/install/autodrive_nigel/lib/python3.8/site-packages/autodrive_nigel-0.1.0-py3.8.egg-info/dependency_links.txt
/home/bubblegum/ros2_ws/install/autodrive_nigel/lib/autodrive_nigel/autodrive_incoming_bridge
/home/bubblegum/ros2_ws/install/autodrive_nigel/lib/autodrive_nigel/autodrive_outgoing_bridge
/home/bubblegum/ros2_ws/install/autodrive_nigel/lib/autodrive_nigel/teleop_keyboard
