/home/bubblegum/ros2_ws/install/autodrive_f1tenth/lib/python3.8/site-packages/autodrive_f1tenth/autodrive_incoming_bridge.py
/home/bubblegum/ros2_ws/install/autodrive_f1tenth/lib/python3.8/site-packages/autodrive_f1tenth/teleop_keyboard.py
/home/bubblegum/ros2_ws/install/autodrive_f1tenth/lib/python3.8/site-packages/autodrive_f1tenth/__init__.py
/home/bubblegum/ros2_ws/install/autodrive_f1tenth/lib/python3.8/site-packages/autodrive_f1tenth/autodrive_outgoing_bridge.py
/home/bubblegum/ros2_ws/install/autodrive_f1tenth/lib/python3.8/site-packages/autodrive_f1tenth/config.py
/home/bubblegum/ros2_ws/install/autodrive_f1tenth/lib/python3.8/site-packages/autodrive_f1tenth/__pycache__/autodrive_incoming_bridge.cpython-38.pyc
/home/bubblegum/ros2_ws/install/autodrive_f1tenth/lib/python3.8/site-packages/autodrive_f1tenth/__pycache__/teleop_keyboard.cpython-38.pyc
/home/bubblegum/ros2_ws/install/autodrive_f1tenth/lib/python3.8/site-packages/autodrive_f1tenth/__pycache__/__init__.cpython-38.pyc
/home/bubblegum/ros2_ws/install/autodrive_f1tenth/lib/python3.8/site-packages/autodrive_f1tenth/__pycache__/autodrive_outgoing_bridge.cpython-38.pyc
/home/bubblegum/ros2_ws/install/autodrive_f1tenth/lib/python3.8/site-packages/autodrive_f1tenth/__pycache__/config.cpython-38.pyc
/home/bubblegum/ros2_ws/install/autodrive_f1tenth/share/ament_index/resource_index/packages/autodrive_f1tenth
/home/bubblegum/ros2_ws/install/autodrive_f1tenth/share/autodrive_f1tenth/package.xml
/home/bubblegum/ros2_ws/install/autodrive_f1tenth/share/autodrive_f1tenth/launch/simulator_bringup_headless.launch.py
/home/bubblegum/ros2_ws/install/autodrive_f1tenth/share/autodrive_f1tenth/launch/simulator_bringup_rviz.launch.py
/home/bubblegum/ros2_ws/install/autodrive_f1tenth/share/autodrive_f1tenth/rviz/simulator.rviz
/home/bubblegum/ros2_ws/install/autodrive_f1tenth/lib/python3.8/site-packages/autodrive_f1tenth-0.1.0-py3.8.egg-info/PKG-INFO
/home/bubblegum/ros2_ws/install/autodrive_f1tenth/lib/python3.8/site-packages/autodrive_f1tenth-0.1.0-py3.8.egg-info/zip-safe
/home/bubblegum/ros2_ws/install/autodrive_f1tenth/lib/python3.8/site-packages/autodrive_f1tenth-0.1.0-py3.8.egg-info/SOURCES.txt
/home/bubblegum/ros2_ws/install/autodrive_f1tenth/lib/python3.8/site-packages/autodrive_f1tenth-0.1.0-py3.8.egg-info/top_level.txt
/home/bubblegum/ros2_ws/install/autodrive_f1tenth/lib/python3.8/site-packages/autodrive_f1tenth-0.1.0-py3.8.egg-info/requires.txt
/home/bubblegum/ros2_ws/install/autodrive_f1tenth/lib/python3.8/site-packages/autodrive_f1tenth-0.1.0-py3.8.egg-info/entry_points.txt
/home/bubblegum/ros2_ws/install/autodrive_f1tenth/lib/python3.8/site-packages/autodrive_f1tenth-0.1.0-py3.8.egg-info/dependency_links.txt
/home/bubblegum/ros2_ws/install/autodrive_f1tenth/lib/autodrive_f1tenth/autodrive_incoming_bridge
/home/bubblegum/ros2_ws/install/autodrive_f1tenth/lib/autodrive_f1tenth/autodrive_outgoing_bridge
/home/bubblegum/ros2_ws/install/autodrive_f1tenth/lib/autodrive_f1tenth/teleop_keyboard
