[0.784s] Invoking command in '/home/bubblegum/ros2_ws/src/autodrive_ros2/autodrive_f1tenth': PYTHONPATH=/home/bubblegum/ros2_ws/build/autodrive_f1tenth/prefix_override:/usr/lib/python3/dist-packages/colcon_core/task/python/colcon_distutils_commands:/home/bubblegum/ros2_ws/install/autodrive_f1tenth/lib/python3.8/site-packages:${PYTHONPATH} /usr/bin/python3 -W ignore:setup.py install is deprecated -W ignore:easy_install command is deprecated setup.py egg_info --egg-base ../../../build/autodrive_f1tenth build --build-base /home/bubblegum/ros2_ws/build/autodrive_f1tenth/build install --record /home/bubblegum/ros2_ws/build/autodrive_f1tenth/install.log --install-scripts $base/lib/autodrive_f1tenth --single-version-externally-managed install_data
[0.952s] running egg_info
[0.952s] writing ../../../build/autodrive_f1tenth/autodrive_f1tenth.egg-info/PKG-INFO
[0.953s] writing dependency_links to ../../../build/autodrive_f1tenth/autodrive_f1tenth.egg-info/dependency_links.txt
[0.953s] writing entry points to ../../../build/autodrive_f1tenth/autodrive_f1tenth.egg-info/entry_points.txt
[0.954s] writing requirements to ../../../build/autodrive_f1tenth/autodrive_f1tenth.egg-info/requires.txt
[0.954s] writing top-level names to ../../../build/autodrive_f1tenth/autodrive_f1tenth.egg-info/top_level.txt
[0.979s] reading manifest file '../../../build/autodrive_f1tenth/autodrive_f1tenth.egg-info/SOURCES.txt'
[0.979s] writing manifest file '../../../build/autodrive_f1tenth/autodrive_f1tenth.egg-info/SOURCES.txt'
[0.979s] running build
[0.979s] running build_py
[0.979s] running install
[0.980s] running install_lib
[0.986s] running install_data
[0.986s] running install_egg_info
[0.987s] removing '/home/bubblegum/ros2_ws/install/autodrive_f1tenth/lib/python3.8/site-packages/autodrive_f1tenth-0.1.0-py3.8.egg-info' (and everything under it)
[0.987s] Copying ../../../build/autodrive_f1tenth/autodrive_f1tenth.egg-info to /home/bubblegum/ros2_ws/install/autodrive_f1tenth/lib/python3.8/site-packages/autodrive_f1tenth-0.1.0-py3.8.egg-info
[0.988s] running install_scripts
[1.000s] Installing autodrive_incoming_bridge script to /home/bubblegum/ros2_ws/install/autodrive_f1tenth/lib/autodrive_f1tenth
[1.000s] Installing autodrive_outgoing_bridge script to /home/bubblegum/ros2_ws/install/autodrive_f1tenth/lib/autodrive_f1tenth
[1.000s] Installing teleop_keyboard script to /home/bubblegum/ros2_ws/install/autodrive_f1tenth/lib/autodrive_f1tenth
[1.000s] writing list of installed files to '/home/bubblegum/ros2_ws/build/autodrive_f1tenth/install.log'
[1.016s] Invoked command in '/home/bubblegum/ros2_ws/src/autodrive_ros2/autodrive_f1tenth' returned '0': PYTHONPATH=/home/bubblegum/ros2_ws/build/autodrive_f1tenth/prefix_override:/usr/lib/python3/dist-packages/colcon_core/task/python/colcon_distutils_commands:/home/bubblegum/ros2_ws/install/autodrive_f1tenth/lib/python3.8/site-packages:${PYTHONPATH} /usr/bin/python3 -W ignore:setup.py install is deprecated -W ignore:easy_install command is deprecated setup.py egg_info --egg-base ../../../build/autodrive_f1tenth build --build-base /home/bubblegum/ros2_ws/build/autodrive_f1tenth/build install --record /home/bubblegum/ros2_ws/build/autodrive_f1tenth/install.log --install-scripts $base/lib/autodrive_f1tenth --single-version-externally-managed install_data
